D:/projects/hcbot/HcSNode/Core/Src/util/CO_fifo.h:123:20:CO_fifo_reset	16	static
D:/projects/hcbot/HcSNode/Core/Src/util/CO_fifo.h:143:22:CO_fifo_getSpace	24	static
D:/projects/hcbot/HcSNode/Core/Src/util/CO_fifo.h:160:22:CO_fifo_getOccupied	24	static
D:/projects/hcbot/HcSNode/Core/Src/util/CO_fifo.h:282:22:CO_fifo_altGetOccupied	24	static
../Core/Src/cia/301/CO_SDOclient.c:54:13:CO_SDOclient_receive	32	static
../Core/Src/cia/301/CO_SDOclient.c:151:18:CO_SDOclient_init	24	static
../Core/Src/cia/301/CO_SDOclient.c:201:6:CO_SDOclient_initCallbackPre	24	static
../Core/Src/cia/301/CO_SDOclient.c:214:23:CO_SDOclient_setup	56	static
../Core/Src/cia/301/CO_SDOclient.c:298:23:CO_SDOclientDownloadInitiate	24	static
../Core/Src/cia/301/CO_SDOclient.c:348:6:CO_SDOclientDownloadInitiateSize	16	static
../Core/Src/cia/301/CO_SDOclient.c:365:8:CO_SDOclientDownloadBufWrite	32	static
../Core/Src/cia/301/CO_SDOclient.c:378:23:CO_SDOclientDownload	72	static
../Core/Src/cia/301/CO_SDOclient.c:849:23:CO_SDOclientUploadInitiate	24	static
../Core/Src/cia/301/CO_SDOclient.c:900:23:CO_SDOclientUpload	104	static
../Core/Src/cia/301/CO_SDOclient.c:1456:8:CO_SDOclientUploadBufRead	32	static
../Core/Src/cia/301/CO_SDOclient.c:1469:6:CO_SDOclientClose	16	static
