D:/projects/hcbot/HcSNode/Core/Src/util/CO_fifo.h:160:22:size_t CO_fifo_getOccupied(CO_fifo_t*)	24	static
../Core/Src/usart/fsusart.cpp:51:6:void FUART_Init()	8	static
../Core/Src/usart/fsusart.cpp:60:6:void FUART_beginReceive(UART_HandleTypeDef*)	16	static
../Core/Src/usart/fsusart.cpp:65:6:void FUART_pushMsgToFifo(Joint_Msg_t*, uint8_t*, size_t, CO_fifo_t*)	24	static
../Core/Src/usart/fsusart.cpp:78:15:size_t internalPeekMsgFromFifo(CO_fifo_t*, uint8_t*)	24	static
../Core/Src/usart/fsusart.cpp:108:6:void FUART_sendMsg(Joint_Msg_t*, uint8_t*, size_t)	24	static
../Core/Src/usart/fsusart.cpp:127:5:int FUART_peekMsg(UART_HandleTypeDef*, uint8_t*)	32	static,ignoring_inline_asm
../Core/Src/usart/fsusart.cpp:183:6:void HAL_UART_TxCpltCallback(UART_HandleTypeDef*)	24	static,ignoring_inline_asm
../Core/Src/usart/fsusart.cpp:204:6:void HAL_UART_RxCpltCallback(UART_HandleTypeDef*)	16	static
../Core/Src/usart/fsusart.cpp:211:6:void HAL_UART_ErrorCallback(UART_HandleTypeDef*)	32	static
