../Core/Src/stepper/nstepper.c:78:13:discard_current_block	8	static
../Core/Src/stepper/nstepper.c:95:6:Stepper_Init	16	static
../Core/Src/stepper/nstepper.c:125:6:Stepper_ChangeDir	8	static
../Core/Src/stepper/nstepper.c:138:8:Stepper_GetDir	4	static
../Core/Src/stepper/nstepper.c:146:6:Stepper_SetDir	16	static
../Core/Src/stepper/nstepper.c:162:6:Stepper_SetSpeed	24	static
../Core/Src/stepper/nstepper.c:179:10:Stepper_GetSpeed	4	static
../Core/Src/stepper/nstepper.c:185:6:Stepper_GoHome	16	static
../Core/Src/stepper/nstepper.c:192:6:Stepper_Stop	8	static
../Core/Src/stepper/nstepper.c:202:10:Stepper_GetState	4	static
../Core/Src/stepper/nstepper.c:208:6:Stepper_Run	8	static
../Core/Src/stepper/nstepper.c:216:6:Stepper_RunWithSpeed	16	static
../Core/Src/stepper/nstepper.c:231:6:Stepper_RunSteps	16	static
../Core/Src/stepper/nstepper.c:250:6:Stepper_StepsISR	8	static
../Core/Src/stepper/nstepper.c:267:6:HAL_TIM_PWM_PulseFinishedCallback	16	static
