../Core/Src/cia/305/CO_LSSmaster.c:589:30:CO_LSSmaster_inquireInitiate	8	static
../Core/Src/cia/305/CO_LSSmaster.c:759:13:CO_LSSmaster_FsSendMsg	12	static
../Core/Src/cia/305/CO_LSSmaster.c:77:13:CO_LSSmaster_receive	0	static
../Core/Src/cia/305/CO_LSSmaster.c:604:30:CO_LSSmaster_inquireCheckWait	12	static
../Core/Src/cia/305/CO_LSSmaster.c:376:30:CO_LSSmaster_configureCheckWait	12	static
../Core/Src/cia/305/CO_LSSmaster.c:134:18:CO_LSSmaster_init	40	static
../Core/Src/cia/305/CO_LSSmaster.c:191:6:CO_LSSmaster_changeTimeout	0	static
../Core/Src/cia/305/CO_LSSmaster.c:203:6:CO_LSSmaster_initCallbackPre	0	static
../Core/Src/cia/305/CO_LSSmaster.c:293:23:CO_LSSmaster_switchStateSelect	16	static
../Core/Src/cia/305/CO_LSSmaster.c:329:23:CO_LSSmaster_switchStateDeselect	8	static
../Core/Src/cia/305/CO_LSSmaster.c:416:23:CO_LSSmaster_configureBitTiming	16	static
../Core/Src/cia/305/CO_LSSmaster.c:473:23:CO_LSSmaster_configureNodeId	8	static
../Core/Src/cia/305/CO_LSSmaster.c:518:23:CO_LSSmaster_configureStore	16	static
../Core/Src/cia/305/CO_LSSmaster.c:558:23:CO_LSSmaster_ActivateBit	8	static
../Core/Src/cia/305/CO_LSSmaster.c:632:23:CO_LSSmaster_InquireLssAddress	8	static
../Core/Src/cia/305/CO_LSSmaster.c:719:23:CO_LSSmaster_InquireNodeId	24	static
../Core/Src/cia/305/CO_LSSmaster.c:990:23:CO_LSSmaster_IdentifyFastscan	32	static
