../Core/Src/stepper/tmc/RAMP_STAT.cpp:6:10:uint32_t TMC5130Stepper::RAMP_STAT()	16	static
../Core/Src/stepper/tmc/RAMP_STAT.cpp:10:6:bool TMC5130Stepper::status_stop_l()	24	static
../Core/Src/stepper/tmc/RAMP_STAT.cpp:11:6:bool TMC5130Stepper::status_stop_r()	24	static
../Core/Src/stepper/tmc/RAMP_STAT.cpp:12:6:bool TMC5130Stepper::status_latch_l()	24	static
../Core/Src/stepper/tmc/RAMP_STAT.cpp:13:6:bool TMC5130Stepper::status_latch_r()	24	static
../Core/Src/stepper/tmc/RAMP_STAT.cpp:14:6:bool TMC5130Stepper::event_stop_l()	24	static
../Core/Src/stepper/tmc/RAMP_STAT.cpp:15:6:bool TMC5130Stepper::event_stop_r()	24	static
../Core/Src/stepper/tmc/RAMP_STAT.cpp:16:6:bool TMC5130Stepper::event_stop_sg()	24	static
../Core/Src/stepper/tmc/RAMP_STAT.cpp:17:6:bool TMC5130Stepper::event_pos_reached()	24	static
../Core/Src/stepper/tmc/RAMP_STAT.cpp:18:6:bool TMC5130Stepper::velocity_reached()	24	static
../Core/Src/stepper/tmc/RAMP_STAT.cpp:19:6:bool TMC5130Stepper::position_reached()	24	static
../Core/Src/stepper/tmc/RAMP_STAT.cpp:20:6:bool TMC5130Stepper::vzero()	24	static
../Core/Src/stepper/tmc/RAMP_STAT.cpp:21:6:bool TMC5130Stepper::t_zerowait_active()	24	static
../Core/Src/stepper/tmc/RAMP_STAT.cpp:22:6:bool TMC5130Stepper::second_move()	24	static
../Core/Src/stepper/tmc/RAMP_STAT.cpp:23:6:bool TMC5130Stepper::status_sg()	24	static
