../Core/Src/stepper/tmc/SMARTEN.cpp:7:10:uint32_t TMC2660Stepper::SMARTEN()	16	static
../Core/Src/stepper/tmc/SMARTEN.cpp:8:6:void TMC2660Stepper::SMARTEN(uint32_t)	16	static
../Core/Src/stepper/tmc/SMARTEN.cpp:13:6:void TMC2660Stepper::seimin(bool)	16	static
../Core/Src/stepper/tmc/SMARTEN.cpp:14:6:void TMC2660Stepper::sedn(uint8_t)	16	static
../Core/Src/stepper/tmc/SMARTEN.cpp:15:6:void TMC2660Stepper::semax(uint8_t)	16	static
../Core/Src/stepper/tmc/SMARTEN.cpp:16:6:void TMC2660Stepper::seup(uint8_t)	16	static
../Core/Src/stepper/tmc/SMARTEN.cpp:17:6:void TMC2660Stepper::semin(uint8_t)	16	static
../Core/Src/stepper/tmc/SMARTEN.cpp:19:6:bool TMC2660Stepper::seimin()	16	static
../Core/Src/stepper/tmc/SMARTEN.cpp:20:9:uint8_t TMC2660Stepper::sedn()	16	static
../Core/Src/stepper/tmc/SMARTEN.cpp:21:9:uint8_t TMC2660Stepper::semax()	16	static
../Core/Src/stepper/tmc/SMARTEN.cpp:22:9:uint8_t TMC2660Stepper::seup()	16	static
../Core/Src/stepper/tmc/SMARTEN.cpp:23:9:uint8_t TMC2660Stepper::semin()	16	static
