d:\stm32\stm32cubeide_1.12.0\stm32cubeide\plugins\com.st.stm32cube.ide.mcu.externaltools.gnu-tools-for-stm32.10.3-2021.10.win32_1.0.200.202301161003\tools\arm-none-eabi\include\c++\10.3.1\bits\std_abs.h:56:3:long int std::abs(long int)	16	static
../Core/Src/cia/402/dspp.cpp:35:6:void PP_reset()	8	static
../Core/Src/cia/402/dspp.cpp:42:6:void PP_init()	8	static
../Core/Src/cia/402/dspp.cpp:48:6:void PP_active()	8	static
../Core/Src/cia/402/dspp.cpp:59:6:void PP_halt()	32	static
../Core/Src/cia/402/dspp.cpp:78:6:void PP_updateTask(uint8_t)	40	static
../Core/Src/cia/402/dspp.cpp:96:6:void PP_addNewTask(uint8_t)	40	static
../Core/Src/cia/402/dspp.cpp:116:10:uint16_t PP_exec(uint16_t, uint8_t)	24	static
../Core/Src/cia/402/dspp.cpp:165:11:boolean_T PP_isTaskTimeover(MT_RequestBlock*)	16	static
../Core/Src/cia/402/dspp.cpp:170:6:void PP_reach(MT_RequestBlock*)	16	static
../Core/Src/cia/402/dspp.cpp:185:11:boolean_T PP_isReach(MT_RequestBlock*)	24	static
../Core/Src/cia/402/dspp.cpp:204:6:void PP_startTask(MotionMsgItem_t*, uint32_t)	40	static
../Core/Src/cia/402/dspp.cpp:265:6:void PP_step(MT_RequestBlock*, uint32_t)	24	static
../Core/Src/cia/402/dspp.cpp:276:6:void PP_holdStep(uint32_t)	24	static
../Core/Src/cia/402/dspp.cpp:284:6:void PP_hold(MT_RequestBlock*, uint32_t)	24	static
../Core/Src/cia/402/dspp.cpp:302:6:void PP_process(uint32_t)	64	static,ignoring_inline_asm
