d:\st\stm32cubeide_1.11.2\stm32cubeide\plugins\com.st.stm32cube.ide.mcu.externaltools.gnu-tools-for-stm32.10.3-2021.10.win32_1.0.100.202210260954\tools\arm-none-eabi\include\c++\10.3.1\bits\std_abs.h:56:3:long int std::abs(long int)	16	static
D:/projects/hcbot/HcSNode/Core/Src/stepper/tmc/TMCStepper.h:722:8:void TMC5160Stepper::rms_current(uint16_t)	16	static
../Core/Src/motion/motor.cpp:22:6:void MOTOR_Init()	4	static
../Core/Src/motion/motor.cpp:31:6:void MOTOR_bindDriver(TMC5160Stepper*)	32	static
../Core/Src/motion/motor.cpp:134:6:void MOTOR_run()	8	static
../Core/Src/motion/motor.cpp:139:6:void MOTOR_stop()	8	static
../Core/Src/motion/motor.cpp:145:6:void MOTOR_loop(uint32_t)	16	static
../Core/Src/motion/motor.cpp:150:6:void MOTOR_setPolarity(int8_t)	16	static
../Core/Src/motion/motor.cpp:155:8:int8_t MOTOR_getPolarity()	4	static
../Core/Src/motion/motor.cpp:160:6:void MOTOR_setDir(int8_t)	16	static
../Core/Src/motion/motor.cpp:169:8:int8_t MOTOR_getDir()	16	static
../Core/Src/motion/motor.cpp:179:6:void MOTOR_setSpeed(int32_t)	16	static
../Core/Src/motion/motor.cpp:197:9:int32_t MOTOR_getSpeed()	4	static
../Core/Src/motion/motor.cpp:202:6:void MOTOR_setRelTarget(int32_t)	16	static
../Core/Src/motion/motor.cpp:207:6:void MOTOR_setAbsTarget(int32_t)	16	static
../Core/Src/motion/motor.cpp:212:9:int32_t MOTOR_getTarget()	4	static
../Core/Src/motion/motor.cpp:217:9:int32_t MOTOR_getPosDiff()	4	static
