d:\st\stm32cubeide_1.11.2\stm32cubeide\plugins\com.st.stm32cube.ide.mcu.externaltools.gnu-tools-for-stm32.10.3-2021.10.win32_1.0.100.202210260954\tools\arm-none-eabi\include\c++\10.3.1\bits\std_abs.h:56:3:long int std::abs(long int)	16	static
../Core/Src/motion/nmotion.cpp:62:6:void MT_Clear()	8	static
../Core/Src/motion/nmotion.cpp:87:6:void MT_Reset()	8	static
../Core/Src/motion/nmotion.cpp:97:6:void MT_Begin()	8	static
../Core/Src/motion/nmotion.cpp:105:6:void MT_Loop(uint32_t)	16	static
../Core/Src/motion/nmotion.cpp:117:6:void MT_setProfile(Node_DriveProfile_t*)	16	static
../Core/Src/motion/nmotion.cpp:124:6:void MT_Init(QueueHandle_t)	16	static
../Core/Src/motion/nmotion.cpp:138:6:void MT_setReachCallback(void (*)(int32_t))	16	static
../Core/Src/motion/nmotion.cpp:143:6:void MT_setMotionStartPreCallback(void (*)())	16	static
../Core/Src/motion/nmotion.cpp:149:6:void MT_setReachWindow(int32_t)	16	static
../Core/Src/motion/nmotion.cpp:156:6:void MT_Start(MotionMsgItem_t*, uint32_t)	40	static
../Core/Src/motion/nmotion.cpp:214:6:void MT_ProfileStep(MT_RequestBlock*, uint32_t)	24	static
../Core/Src/motion/nmotion.cpp:224:11:boolean_T MT_OverTime(MT_RequestBlock*)	16	static
../Core/Src/motion/nmotion.cpp:229:6:void MT_Reach(MT_RequestBlock*)	16	static
../Core/Src/motion/nmotion.cpp:244:11:boolean_T MT_IsReach(MT_RequestBlock*)	24	static
../Core/Src/motion/nmotion.cpp:263:6:void MT_CorrectingStep(uint32_t)	24	static
../Core/Src/motion/nmotion.cpp:271:6:void MT_Correcting(MT_RequestBlock*, uint32_t)	24	static
../Core/Src/motion/nmotion.cpp:289:6:void MT_Halt(uint32_t)	40	static
../Core/Src/motion/nmotion.cpp:309:6:void MT_UpdateTask(uint8_t, int32_t, int32_t, uint32_t)	48	static
../Core/Src/motion/nmotion.cpp:330:6:void MT_NewTask(uint8_t, int32_t, int32_t, uint32_t)	48	static
../Core/Src/motion/nmotion.cpp:343:6:void MT_process_v3(uint32_t)	48	static,ignoring_inline_asm
