../Core/Src/motion/nmotion.cpp:51:6:void MT_reset()	8	static
../Core/Src/motion/nmotion.cpp:60:6:void MT_begin()	8	static
../Core/Src/motion/nmotion.cpp:66:6:void MT_loop(uint32_t)	16	static
../Core/Src/motion/nmotion.cpp:78:6:void MT_setProfile(Node_DriveProfile_t*)	16	static
../Core/Src/motion/nmotion.cpp:84:6:void MT_init()	8	static
../Core/Src/motion/nmotion.cpp:95:8:int8_t MT_getMode()	4	static
../Core/Src/motion/nmotion.cpp:100:6:void MT_setMode(int8_t)	16	static
../Core/Src/motion/nmotion.cpp:110:6:void MT_exec(uint16_t)	24	static
../Core/Src/motion/nmotion.cpp:123:6:void MT_process_v3(uint32_t)	16	static
