../Core/Src/motion/nmotion.c:73:9:MT_ConvertStepsToPos	24	static
../Core/Src/motion/nmotion.c:79:6:MT_reset	8	static
../Core/Src/motion/nmotion.c:114:6:MT_setProfile	16	static
../Core/Src/motion/nmotion.c:122:6:MT_Init	24	static
../Core/Src/motion/nmotion.c:138:6:MT_setReachCallback	16	static
../Core/Src/motion/nmotion.c:143:6:MT_setTarget	24	static,ignoring_inline_asm
../Core/Src/motion/nmotion.c:157:6:MT_setReachWindow	16	static
../Core/Src/motion/nmotion.c:167:6:MT_setSpeed	16	static
../Core/Src/motion/nmotion.c:175:6:MT_setLockFlag	16	static
../Core/Src/motion/nmotion.c:182:6:MT_execFinished	16	static
../Core/Src/motion/nmotion.c:190:6:MT_checkReach	32	static
../Core/Src/motion/nmotion.c:231:6:MT_Start	48	static
../Core/Src/motion/nmotion.c:256:6:MT_ProfileStep	24	static
../Core/Src/motion/nmotion.c:263:11:MT_OverTime	16	static
../Core/Src/motion/nmotion.c:268:6:MT_Stop	8	static
../Core/Src/motion/nmotion.c:276:11:MT_IsReach	16	static
../Core/Src/motion/nmotion.c:285:6:MT_Correcting	8	static
../Core/Src/motion/nmotion.c:292:6:MT_CorrectingStep	32	static
../Core/Src/motion/nmotion.c:311:6:MT_AddTestBlock	32	static
../Core/Src/motion/nmotion.c:326:6:MT_process_v3	48	static
