../Core/Src/motion/posprofile.c:83:15:rtGetInf	32	static
../Core/Src/motion/posprofile.c:107:17:rtGetInfF	16	static
../Core/Src/motion/posprofile.c:118:15:rtGetMinusInf	32	static
../Core/Src/motion/posprofile.c:142:17:rtGetMinusInfF	16	static
../Core/Src/motion/posprofile.c:153:15:rtGetNaN	32	static
../Core/Src/motion/posprofile.c:177:17:rtGetNaNF	16	static
../Core/Src/motion/posprofile.c:189:13:rt_InitInfAndNaN	16	static
../Core/Src/motion/posprofile.c:202:18:rtIsInfF	16	static
../Core/Src/motion/posprofile.c:209:18:rtIsNaNF	24	static
../Core/Src/motion/posprofile.c:217:10:rt_powf_snf	32	static
../Core/Src/motion/posprofile.c:264:6:PosProfile_Step	24	static
../Core/Src/motion/posprofile.c:354:6:PosProfile_CalcTimePhase	72	static
../Core/Src/motion/posprofile.c:495:6:PosProfile_Initialize	8	static
../Core/Src/motion/posprofile.c:521:6:PosProfile_Start	32	static
../Core/Src/motion/posprofile.c:553:11:PosProfile_StepOver	16	static
