../Core/Src/motion/posprofile.c:86:15:rtGetInf	32	static
../Core/Src/motion/posprofile.c:110:17:rtGetInfF	16	static
../Core/Src/motion/posprofile.c:121:15:rtGetMinusInf	32	static
../Core/Src/motion/posprofile.c:145:17:rtGetMinusInfF	16	static
../Core/Src/motion/posprofile.c:156:15:rtGetNaN	32	static
../Core/Src/motion/posprofile.c:180:17:rtGetNaNF	16	static
../Core/Src/motion/posprofile.c:192:13:rt_InitInfAndNaN	16	static
../Core/Src/motion/posprofile.c:205:18:rtIsInfF	16	static
../Core/Src/motion/posprofile.c:212:18:rtIsNaNF	24	static
../Core/Src/motion/posprofile.c:220:10:rt_powf_snf	32	static
../Core/Src/motion/posprofile.c:267:6:PosProfile_Step	24	static
../Core/Src/motion/posprofile.c:356:6:PosProfile_CalcPhase1Timing	96	static
../Core/Src/motion/posprofile.c:491:6:PosProfile_CalcPhase0Timing	16	static
../Core/Src/motion/posprofile.c:503:6:PosProfile_Prepare	48	static
../Core/Src/motion/posprofile.c:572:6:PosProfile_Initialize	8	static
../Core/Src/motion/posprofile.c:598:6:PosProfile_Start	40	static
../Core/Src/motion/posprofile.c:636:6:PosProfile_StartHalt	24	static
../Core/Src/motion/posprofile.c:677:10:PosProfile_GetTargetPos	4	static
../Core/Src/motion/posprofile.c:682:11:PosProfile_StepOver	16	static
