../Core/Src/stm32f4xx_it.c:81:6:NMI_Handler	4	static
../Core/Src/stm32f4xx_it.c:94:6:HardFault_Handler	4	static
../Core/Src/stm32f4xx_it.c:109:6:MemManage_Handler	4	static
../Core/Src/stm32f4xx_it.c:124:6:BusFault_Handler	4	static
../Core/Src/stm32f4xx_it.c:139:6:UsageFault_Handler	4	static
../Core/Src/stm32f4xx_it.c:154:6:DebugMon_Handler	4	static
../Core/Src/stm32f4xx_it.c:174:6:EXTI2_IRQHandler	8	static
../Core/Src/stm32f4xx_it.c:191:6:CAN1_TX_IRQHandler	8	static
../Core/Src/stm32f4xx_it.c:205:6:CAN1_RX0_IRQHandler	8	static
../Core/Src/stm32f4xx_it.c:219:6:CAN1_RX1_IRQHandler	8	static
../Core/Src/stm32f4xx_it.c:233:6:CAN1_SCE_IRQHandler	8	static
../Core/Src/stm32f4xx_it.c:247:6:TIM1_UP_TIM10_IRQHandler	8	static
../Core/Src/stm32f4xx_it.c:261:6:TIM1_CC_IRQHandler	8	static
../Core/Src/stm32f4xx_it.c:275:6:TIM2_IRQHandler	8	static
../Core/Src/stm32f4xx_it.c:289:6:USART1_IRQHandler	8	static
../Core/Src/stm32f4xx_it.c:303:6:TIM8_UP_TIM13_IRQHandler	8	static
../Core/Src/stm32f4xx_it.c:318:6:TIM5_IRQHandler	8	static
../Core/Src/stm32f4xx_it.c:332:6:DMA2_Stream2_IRQHandler	8	static
../Core/Src/stm32f4xx_it.c:346:6:DMA2_Stream7_IRQHandler	8	static
