../Core/Src/stepper/nstepper.c:117:6:Stepper_ChangeDir	0	static
../Core/Src/stepper/nstepper.c:130:8:Stepper_GetDir	0	static
../Core/Src/stepper/nstepper.c:138:6:Stepper_SetDir	8	static
../Core/Src/stepper/nstepper.c:91:6:Stepper_Init	0	static
../Core/Src/stepper/nstepper.c:154:6:Stepper_SetSpeed	0	static
../Core/Src/stepper/nstepper.c:171:10:Stepper_GetSpeed	0	static
../Core/Src/stepper/nstepper.c:188:6:Stepper_Stop	16	static
../Core/Src/stepper/nstepper.c:198:10:Stepper_GetState	0	static
../Core/Src/stepper/nstepper.c:204:6:Stepper_Run	0	static
../Core/Src/stepper/nstepper.c:212:6:Stepper_RunWithSpeed	8	static
../Core/Src/stepper/nstepper.c:227:6:Stepper_RunSteps	16	static
../Core/Src/stepper/nstepper.c:181:6:Stepper_GoHome	0	static
../Core/Src/stepper/nstepper.c:246:6:Stepper_StepsISR	0	static
../Core/Src/stepper/nstepper.c:263:6:HAL_TIM_PWM_PulseFinishedCallback	0	static
