../Core/Src/cia/mcdrv.c:38:6:MCD_reachHome	0	static
../Core/Src/cia/mcdrv.c:45:6:MCD_reset	16	static
../Core/Src/cia/mcdrv.c:59:6:MCD_setSwtichOnDisabled	8	static
../Core/Src/cia/mcdrv.c:64:6:MCD_Init	8	static
../Core/Src/cia/mcdrv.c:83:6:MCD_changeMode	8	static
../Core/Src/cia/mcdrv.c:93:6:MCD_OnProfileUpdate	8	static
../Core/Src/cia/mcdrv.c:100:6:MCD_handleModeAction	0	static
../Core/Src/cia/mcdrv.c:117:6:MCD_changeStatus	8	static
../Core/Src/cia/mcdrv.c:122:6:MCD_OnControlWordUpdate	16	static
../Core/Src/cia/mcdrv.c:143:6:MCD_OnCommandSerialNumberUpdate	0	static
../Core/Src/cia/mcdrv.c:152:6:MCD_OnTargetUpdate	0	static
../Core/Src/cia/mcdrv.c:159:6:MCD_OnVelocityUpdate	0	static
../Core/Src/cia/mcdrv.c:165:6:MCD_OnAccelerationUpdate	0	static
