../Core/Src/cia/node.c:40:6:NODE_NMTCallbackPre	0	static
../Core/Src/cia/node.c:61:6:NODE_OnMasterHBTimeoutCallback	8	static
../Core/Src/cia/node.c:71:6:NODE_OnMasterHBStartedCallback	0	static
../Core/Src/cia/node.c:101:20:NODE_OnControlWordUpdate	8	static
../Core/Src/cia/node.c:108:20:NODE_OnTargetUpdate	8	static
../Core/Src/cia/node.c:122:20:NODE_OnCommandSerialNumberUpdate	8	static
../Core/Src/cia/node.c:129:20:NODE_OnVelocityUpdate	8	static
../Core/Src/cia/node.c:136:20:NODE_OnAccelerationUpdate	8	static
../Core/Src/cia/node.c:46:6:NODE_NMTCallback	8	static
../Core/Src/cia/node.c:76:20:NODE_OnProfileUpdate	16	static
../Core/Src/cia/node.c:115:20:NODE_OnModeChange	8	static
../Core/Src/cia/node.c:143:9:NODE_new	16	static
../Core/Src/cia/node.c:155:9:NODE_Init	16	static
../Core/Src/cia/node.c:226:6:NODE_process	24	static
