../Core/Src/cia/301/CO_HBconsumer.c:39:13:CO_HBcons_receive	0	static
../Core/Src/cia/301/CO_HBconsumer.c:152:18:CO_HBconsumer_initEntry	40	static
../Core/Src/cia/301/CO_HBconsumer.c:97:18:CO_HBconsumer_init	40	static
../Core/Src/cia/301/CO_HBconsumer.c:67:27:CO_ODF_1016	8	static
../Core/Src/cia/301/CO_HBconsumer.c:219:6:CO_HBconsumer_initCallbackPre	16	static
../Core/Src/cia/301/CO_HBconsumer.c:237:6:CO_HBconsumer_initCallbackNmtChanged	0	static
../Core/Src/cia/301/CO_HBconsumer.c:256:6:CO_HBconsumer_initCallbackHeartbeatStarted	8	static
../Core/Src/cia/301/CO_HBconsumer.c:275:6:CO_HBconsumer_initCallbackTimeout	8	static
../Core/Src/cia/301/CO_HBconsumer.c:294:6:CO_HBconsumer_initCallbackRemoteReset	8	static
../Core/Src/cia/301/CO_HBconsumer.c:314:6:CO_HBconsumer_process	48	static
../Core/Src/cia/301/CO_HBconsumer.c:455:8:CO_HBconsumer_getIdxByNodeId	16	static
../Core/Src/cia/301/CO_HBconsumer.c:480:23:CO_HBconsumer_getState	0	static
../Core/Src/cia/301/CO_HBconsumer.c:495:8:CO_HBconsumer_getNmtState	8	static
