../Core/Src/cia/301/CO_PDO.c:191:17:CO_PDOfindMap	48	static
../Core/Src/cia/301/CO_PDO.c:294:17:CO_RPDOconfigMap	64	static
../Core/Src/cia/301/CO_PDO.c:602:27:CO_ODF_RPDOmap	32	static
../Core/Src/cia/301/CO_PDO.c:360:17:CO_TPDOconfigMap	64	static
../Core/Src/cia/301/CO_PDO.c:668:27:CO_ODF_TPDOmap	32	static
../Core/Src/cia/301/CO_PDO.c:91:13:CO_RPDOconfigCom	32	static
../Core/Src/cia/301/CO_PDO.c:419:27:CO_ODF_RPDOcom	16	static
../Core/Src/cia/301/CO_PDO.c:47:13:CO_PDO_receive	8	static
../Core/Src/cia/301/CO_PDO.c:146:13:CO_TPDOconfigCom	16	static
../Core/Src/cia/301/CO_PDO.c:499:27:CO_ODF_TPDOcom	16	static
../Core/Src/cia/301/CO_PDO.c:730:18:CO_RPDO_init	40	static
../Core/Src/cia/301/CO_PDO.c:790:6:CO_RPDO_initCallbackPre	0	static
../Core/Src/cia/301/CO_PDO.c:804:18:CO_TPDO_init	40	static
../Core/Src/cia/301/CO_PDO.c:871:9:CO_TPDOisCOS	16	static
../Core/Src/cia/301/CO_PDO.c:895:9:CO_TPDOsend	88	static
../Core/Src/cia/301/CO_PDO.c:943:6:CO_RPDO_process	88	static
../Core/Src/cia/301/CO_PDO.c:1026:6:CO_TPDO_process	24	static
