Archive member included to satisfy reference by file (symbol)

d:/st/stm32cubeide_1.11.2/stm32cubeide/plugins/com.st.stm32cube.ide.mcu.externaltools.gnu-tools-for-stm32.10.3-2021.10.win32_1.0.100.202210260954/tools/bin/../lib/gcc/arm-none-eabi/10.3.1/../../../../arm-none-eabi/lib/thumb/v7e-m+fp/hard\libstdc++_nano.a(new_op.o)
                              ./Core/Src/stepper/tmc/TMC2130Stepper.o (operator new(unsigned int))
d:/st/stm32cubeide_1.11.2/stm32cubeide/plugins/com.st.stm32cube.ide.mcu.externaltools.gnu-tools-for-stm32.10.3-2021.10.win32_1.0.100.202210260954/tools/bin/../lib/gcc/arm-none-eabi/10.3.1/../../../../arm-none-eabi/lib/thumb/v7e-m+fp/hard\libstdc++_nano.a(new_handler.o)
                              d:/st/stm32cubeide_1.11.2/stm32cubeide/plugins/com.st.stm32cube.ide.mcu.externaltools.gnu-tools-for-stm32.10.3-2021.10.win32_1.0.100.202210260954/tools/bin/../lib/gcc/arm-none-eabi/10.3.1/../../../../arm-none-eabi/lib/thumb/v7e-m+fp/hard\libstdc++_nano.a(new_op.o) (std::get_new_handler())
d:/st/stm32cubeide_1.11.2/stm32cubeide/plugins/com.st.stm32cube.ide.mcu.externaltools.gnu-tools-for-stm32.10.3-2021.10.win32_1.0.100.202210260954/tools/bin/../lib/gcc/arm-none-eabi/10.3.1/../../../../arm-none-eabi/lib/thumb/v7e-m+fp/hard\libm.a(lib_a-sf_ceil.o)
                              ./Core/Src/motion/planner.o (ceilf)
d:/st/stm32cubeide_1.11.2/stm32cubeide/plugins/com.st.stm32cube.ide.mcu.externaltools.gnu-tools-for-stm32.10.3-2021.10.win32_1.0.100.202210260954/tools/bin/../lib/gcc/arm-none-eabi/10.3.1/../../../../arm-none-eabi/lib/thumb/v7e-m+fp/hard\libm.a(lib_a-sf_floor.o)
                              ./Core/Src/motion/planner.o (floorf)
d:/st/stm32cubeide_1.11.2/stm32cubeide/plugins/com.st.stm32cube.ide.mcu.externaltools.gnu-tools-for-stm32.10.3-2021.10.win32_1.0.100.202210260954/tools/bin/../lib/gcc/arm-none-eabi/10.3.1/../../../../arm-none-eabi/lib/thumb/v7e-m+fp/hard\libm.a(lib_a-sf_round.o)
                              ./Core/Src/motion/nmotion.o (roundf)
d:/st/stm32cubeide_1.11.2/stm32cubeide/plugins/com.st.stm32cube.ide.mcu.externaltools.gnu-tools-for-stm32.10.3-2021.10.win32_1.0.100.202210260954/tools/bin/../lib/gcc/arm-none-eabi/10.3.1/../../../../arm-none-eabi/lib/thumb/v7e-m+fp/hard\libm.a(lib_a-wf_pow.o)
                              ./Core/Src/motion/posprofile.o (powf)
d:/st/stm32cubeide_1.11.2/stm32cubeide/plugins/com.st.stm32cube.ide.mcu.externaltools.gnu-tools-for-stm32.10.3-2021.10.win32_1.0.100.202210260954/tools/bin/../lib/gcc/arm-none-eabi/10.3.1/../../../../arm-none-eabi/lib/thumb/v7e-m+fp/hard\libm.a(lib_a-wf_sqrt.o)
                              ./Core/Src/motion/planner.o (sqrtf)
d:/st/stm32cubeide_1.11.2/stm32cubeide/plugins/com.st.stm32cube.ide.mcu.externaltools.gnu-tools-for-stm32.10.3-2021.10.win32_1.0.100.202210260954/tools/bin/../lib/gcc/arm-none-eabi/10.3.1/../../../../arm-none-eabi/lib/thumb/v7e-m+fp/hard\libm.a(lib_a-ef_pow.o)
                              d:/st/stm32cubeide_1.11.2/stm32cubeide/plugins/com.st.stm32cube.ide.mcu.externaltools.gnu-tools-for-stm32.10.3-2021.10.win32_1.0.100.202210260954/tools/bin/../lib/gcc/arm-none-eabi/10.3.1/../../../../arm-none-eabi/lib/thumb/v7e-m+fp/hard\libm.a(lib_a-wf_pow.o) (__ieee754_powf)
d:/st/stm32cubeide_1.11.2/stm32cubeide/plugins/com.st.stm32cube.ide.mcu.externaltools.gnu-tools-for-stm32.10.3-2021.10.win32_1.0.100.202210260954/tools/bin/../lib/gcc/arm-none-eabi/10.3.1/../../../../arm-none-eabi/lib/thumb/v7e-m+fp/hard\libm.a(lib_a-ef_sqrt.o)
                              d:/st/stm32cubeide_1.11.2/stm32cubeide/plugins/com.st.stm32cube.ide.mcu.externaltools.gnu-tools-for-stm32.10.3-2021.10.win32_1.0.100.202210260954/tools/bin/../lib/gcc/arm-none-eabi/10.3.1/../../../../arm-none-eabi/lib/thumb/v7e-m+fp/hard\libm.a(lib_a-wf_sqrt.o) (__ieee754_sqrtf)
d:/st/stm32cubeide_1.11.2/stm32cubeide/plugins/com.st.stm32cube.ide.mcu.externaltools.gnu-tools-for-stm32.10.3-2021.10.win32_1.0.100.202210260954/tools/bin/../lib/gcc/arm-none-eabi/10.3.1/../../../../arm-none-eabi/lib/thumb/v7e-m+fp/hard\libm.a(lib_a-math_errf.o)
                              d:/st/stm32cubeide_1.11.2/stm32cubeide/plugins/com.st.stm32cube.ide.mcu.externaltools.gnu-tools-for-stm32.10.3-2021.10.win32_1.0.100.202210260954/tools/bin/../lib/gcc/arm-none-eabi/10.3.1/../../../../arm-none-eabi/lib/thumb/v7e-m+fp/hard\libm.a(lib_a-ef_pow.o) (__math_uflowf)
d:/st/stm32cubeide_1.11.2/stm32cubeide/plugins/com.st.stm32cube.ide.mcu.externaltools.gnu-tools-for-stm32.10.3-2021.10.win32_1.0.100.202210260954/tools/bin/../lib/gcc/arm-none-eabi/10.3.1/../../../../arm-none-eabi/lib/thumb/v7e-m+fp/hard\libm.a(lib_a-sf_fabs.o)
                              d:/st/stm32cubeide_1.11.2/stm32cubeide/plugins/com.st.stm32cube.ide.mcu.externaltools.gnu-tools-for-stm32.10.3-2021.10.win32_1.0.100.202210260954/tools/bin/../lib/gcc/arm-none-eabi/10.3.1/../../../../arm-none-eabi/lib/thumb/v7e-m+fp/hard\libm.a(lib_a-ef_pow.o) (fabsf)
[...]
Memory Configuration

Name             Origin             Length             Attributes
CCMRAM           0x0000000010000000 0x0000000000010000 xrw
RAM              0x0000000020000000 0x0000000000020000 xrw
FLASH            0x0000000008000000 0x0000000000100000 xr
*default*        0x0000000000000000 0xffffffffffffffff

Linker script and memory map

LOAD d:/st/stm32cubeide_1.11.2/stm32cubeide/plugins/com.st.stm32cube.ide.mcu.externaltools.gnu-tools-for-stm32.10.3-2021.10.win32_1.0.100.202210260954/tools/bin/../lib/gcc/arm-none-eabi/10.3.1/thumb/v7e-m+fp/hard/crti.o
LOAD d:/st/stm32cubeide_1.11.2/stm32cubeide/plugins/com.st.stm32cube.ide.mcu.externaltools.gnu-tools-for-stm32.10.3-2021.10.win32_1.0.100.202210260954/tools/bin/../lib/gcc/arm-none-eabi/10.3.1/thumb/v7e-m+fp/hard/crtbegin.o
LOAD d:/st/stm32cubeide_1.11.2/stm32cubeide/plugins/com.st.stm32cube.ide.mcu.externaltools.gnu-tools-for-stm32.10.3-2021.10.win32_1.0.100.202210260954/tools/bin/../lib/gcc/arm-none-eabi/10.3.1/../../../../arm-none-eabi/lib/thumb/v7e-m+fp/hard/crt0.o
LOAD ./Core/Src/can.o
LOAD ./Core/Src/dma.o
LOAD ./Core/Src/freertos.o
LOAD ./Core/Src/gpio.o
LOAD ./Core/Src/main.o
LOAD ./Core/Src/spi.o
LOAD ./Core/Src/stm32f4xx_hal_msp.o
LOAD ./Core/Src/stm32f4xx_hal_timebase_tim.o
LOAD ./Core/Src/stm32f4xx_it.o
LOAD ./Core/Src/syscalls.o
LOAD ./Core/Src/sysmem.o
LOAD ./Core/Src/system_stm32f4xx.o
LOAD ./Core/Src/tim.o
LOAD ./Core/Src/usart.o
LOAD ./Core/Src/cia/301/CO_Emergency.o
LOAD ./Core/Src/cia/301/CO_HBconsumer.o
LOAD ./Core/Src/cia/301/CO_NMT_Heartbeat.o
LOAD ./Core/Src/cia/301/CO_PDO.o
LOAD ./Core/Src/cia/301/CO_SDOclient.o
LOAD ./Core/Src/cia/301/CO_SDOserver.o
LOAD ./Core/Src/cia/301/CO_SYNC.o
LOAD ./Core/Src/cia/301/CO_TIME.o
LOAD ./Core/Src/cia/301/crc16-ccitt.o
LOAD ./Core/Src/cia/305/CO_LSSmaster.o
LOAD ./Core/Src/cia/305/CO_LSSslave.o
LOAD ./Core/Src/cia/402/c402.o
LOAD ./Core/Src/cia/402/dsposc.o
LOAD ./Core/Src/cia/402/dspp.o
LOAD ./Core/Src/cia/402/dsstate.o
LOAD ./Core/Src/cia/402/home.o
LOAD ./Core/Src/cia/CANopen.o
LOAD ./Core/Src/cia/mcdrv.o
LOAD ./Core/Src/cia/node.o
LOAD ./Core/Src/cia/board/CANStm32.o
LOAD ./Core/Src/cia/board/CO_OD.o
LOAD ./Core/Src/dbg/log.o
LOAD ./Core/Src/encoder/as5048a.o
LOAD ./Core/Src/encoder/round.o
LOAD ./Core/Src/flash/ocflash.o
LOAD ./Core/Src/message/message.o
LOAD ./Core/Src/motion/PIDProfile.o
LOAD ./Core/Src/motion/motor.o
LOAD ./Core/Src/motion/nmotion.o
LOAD ./Core/Src/motion/planner.o
LOAD ./Core/Src/motion/posprofile.o
LOAD ./Core/Src/motion/trajectory.o
LOAD ./Core/Src/serial/sw_spi.o
LOAD ./Core/Src/stepper/cmd.o
LOAD ./Core/Src/stepper/nstepper.o
LOAD ./Core/Src/stepper/tmc/CHOPCONF.o
LOAD ./Core/Src/stepper/tmc/COOLCONF.o
LOAD ./Core/Src/stepper/tmc/DRVCONF.o
LOAD ./Core/Src/stepper/tmc/DRVCTRL.o
LOAD ./Core/Src/stepper/tmc/DRVSTATUS.o
LOAD ./Core/Src/stepper/tmc/DRV_CONF.o
LOAD ./Core/Src/stepper/tmc/DRV_STATUS.o
LOAD ./Core/Src/stepper/tmc/ENCMODE.o
LOAD ./Core/Src/stepper/tmc/GCONF.o
LOAD ./Core/Src/stepper/tmc/IHOLD_IRUN.o
LOAD ./Core/Src/stepper/tmc/PWMCONF.o
LOAD ./Core/Src/stepper/tmc/RAMP_STAT.o
LOAD ./Core/Src/stepper/tmc/SERIAL_SWITCH.o
LOAD ./Core/Src/stepper/tmc/SGCSCONF.o
LOAD ./Core/Src/stepper/tmc/SHORT_CONF.o
LOAD ./Core/Src/stepper/tmc/SMARTEN.o
LOAD ./Core/Src/stepper/tmc/SW_MODE.o
LOAD ./Core/Src/stepper/tmc/TMC2130Stepper.o
LOAD ./Core/Src/stepper/tmc/TMC2160Stepper.o
LOAD ./Core/Src/stepper/tmc/TMC5130Stepper.o
LOAD ./Core/Src/stepper/tmc/TMC5160Stepper.o
LOAD ./Core/Src/stepper/tmc/TMCStepper.o
LOAD ./Core/Src/usart/fsusart.o
LOAD ./Core/Src/util/CO_fifo.o
LOAD ./Core/Startup/startup_stm32f405rgtx.o
LOAD ./Drivers/STM32F4xx_HAL_Driver/Src/stm32f4xx_hal.o
LOAD ./Drivers/STM32F4xx_HAL_Driver/Src/stm32f4xx_hal_can.o
LOAD ./Drivers/STM32F4xx_HAL_Driver/Src/stm32f4xx_hal_cortex.o
LOAD ./Drivers/STM32F4xx_HAL_Driver/Src/stm32f4xx_hal_dma.o
LOAD ./Drivers/STM32F4xx_HAL_Driver/Src/stm32f4xx_hal_dma_ex.o
LOAD ./Drivers/STM32F4xx_HAL_Driver/Src/stm32f4xx_hal_exti.o
LOAD ./Drivers/STM32F4xx_HAL_Driver/Src/stm32f4xx_hal_flash.o
LOAD ./Drivers/STM32F4xx_HAL_Driver/Src/stm32f4xx_hal_flash_ex.o
LOAD ./Drivers/STM32F4xx_HAL_Driver/Src/stm32f4xx_hal_flash_ramfunc.o
LOAD ./Drivers/STM32F4xx_HAL_Driver/Src/stm32f4xx_hal_gpio.o
LOAD ./Drivers/STM32F4xx_HAL_Driver/Src/stm32f4xx_hal_pwr.o
LOAD ./Drivers/STM32F4xx_HAL_Driver/Src/stm32f4xx_hal_pwr_ex.o
LOAD ./Drivers/STM32F4xx_HAL_Driver/Src/stm32f4xx_hal_rcc.o
LOAD ./Drivers/STM32F4xx_HAL_Driver/Src/stm32f4xx_hal_rcc_ex.o
LOAD ./Drivers/STM32F4xx_HAL_Driver/Src/stm32f4xx_hal_spi.o
LOAD ./Drivers/STM32F4xx_HAL_Driver/Src/stm32f4xx_hal_tim.o
LOAD ./Drivers/STM32F4xx_HAL_Driver/Src/stm32f4xx_hal_tim_ex.o
LOAD ./Drivers/STM32F4xx_HAL_Driver/Src/stm32f4xx_hal_uart.o
LOAD ./Middlewares/Third_Party/FreeRTOS/Source/CMSIS_RTOS_V2/cmsis_os2.o
LOAD ./Middlewares/Third_Party/FreeRTOS/Source/croutine.o
LOAD ./Middlewares/Third_Party/FreeRTOS/Source/event_groups.o
LOAD ./Middlewares/Third_Party/FreeRTOS/Source/list.o
LOAD ./Middlewares/Third_Party/FreeRTOS/Source/queue.o
LOAD ./Middlewares/Third_Party/FreeRTOS/Source/stream_buffer.o
LOAD ./Middlewares/Third_Party/FreeRTOS/Source/tasks.o
LOAD ./Middlewares/Third_Party/FreeRTOS/Source/timers.o
LOAD ./Middlewares/Third_Party/FreeRTOS/Source/portable/GCC/ARM_CM4F/port.o
LOAD ./Middlewares/Third_Party/FreeRTOS/Source/portable/MemMang/heap_4.o
START GROUP
LOAD d:/st/stm32cubeide_1.11.2/stm32cubeide/plugins/com.st.stm32cube.ide.mcu.externaltools.gnu-tools-for-stm32.10.3-2021.10.win32_1.0.100.202210260954/tools/bin/../lib/gcc/arm-none-eabi/10.3.1/../../../../arm-none-eabi/lib/thumb/v7e-m+fp/hard\libstdc++_nano.a
LOAD d:/st/stm32cubeide_1.11.2/stm32cubeide/plugins/com.st.stm32cube.ide.mcu.externaltools.gnu-tools-for-stm32.10.3-2021.10.win32_1.0.100.202210260954/tools/bin/../lib/gcc/arm-none-eabi/10.3.1/../../../../arm-none-eabi/lib/thumb/v7e-m+fp/hard\libsupc++_nano.a
END GROUP
LOAD d:/st/stm32cubeide_1.11.2/stm32cubeide/plugins/com.st.stm32cube.ide.mcu.externaltools.gnu-tools-for-stm32.10.3-2021.10.win32_1.0.100.202210260954/tools/bin/../lib/gcc/arm-none-eabi/10.3.1/../../../../arm-none-eabi/lib/thumb/v7e-m+fp/hard\libstdc++_nano.a
LOAD d:/st/stm32cubeide_1.11.2/stm32cubeide/plugins/com.st.stm32cube.ide.mcu.externaltools.gnu-tools-for-stm32.10.3-2021.10.win32_1.0.100.202210260954/tools/bin/../lib/gcc/arm-none-eabi/10.3.1/../../../../arm-none-eabi/lib/thumb/v7e-m+fp/hard\libm.a
LOAD d:/st/stm32cubeide_1.11.2/stm32cubeide/plugins/com.st.stm32cube.ide.mcu.externaltools.gnu-tools-for-stm32.10.3-2021.10.win32_1.0.100.202210260954/tools/bin/../lib/gcc/arm-none-eabi/10.3.1/../../../../arm-none-eabi/lib/thumb/v7e-m+fp/hard\libc_nano.a
START GROUP
LOAD d:/st/stm32cubeide_1.11.2/stm32cubeide/plugins/com.st.stm32cube.ide.mcu.externaltools.gnu-tools-for-stm32.10.3-2021.10.win32_1.0.100.202210260954/tools/bin/../lib/gcc/arm-none-eabi/10.3.1/thumb/v7e-m+fp/hard\libgcc.a
LOAD d:/st/stm32cubeide_1.11.2/stm32cubeide/plugins/com.st.stm32cube.ide.mcu.externaltools.gnu-tools-for-stm32.10.3-2021.10.win32_1.0.100.202210260954/tools/bin/../lib/gcc/arm-none-eabi/10.3.1/../../../../arm-none-eabi/lib/thumb/v7e-m+fp/hard\libc_nano.a
END GROUP
START GROUP
LOAD d:/st/stm32cubeide_1.11.2/stm32cubeide/plugins/com.st.stm32cube.ide.mcu.externaltools.gnu-tools-for-stm32.10.3-2021.10.win32_1.0.100.202210260954/tools/bin/../lib/gcc/arm-none-eabi/10.3.1/thumb/v7e-m+fp/hard\libgcc.a
LOAD d:/st/stm32cubeide_1.11.2/stm32cubeide/plugins/com.st.stm32cube.ide.mcu.externaltools.gnu-tools-for-stm32.10.3-2021.10.win32_1.0.100.202210260954/tools/bin/../lib/gcc/arm-none-eabi/10.3.1/../../../../arm-none-eabi/lib/thumb/v7e-m+fp/hard\libc_nano.a
LOAD d:/st/stm32cubeide_1.11.2/stm32cubeide/plugins/com.st.stm32cube.ide.mcu.externaltools.gnu-tools-for-stm32.10.3-2021.10.win32_1.0.100.202210260954/tools/bin/../lib/gcc/arm-none-eabi/10.3.1/../../../../arm-none-eabi/lib/thumb/v7e-m+fp/hard\libnosys.a
END GROUP
START GROUP
LOAD d:/st/stm32cubeide_1.11.2/stm32cubeide/plugins/com.st.stm32cube.ide.mcu.externaltools.gnu-tools-for-stm32.10.3-2021.10.win32_1.0.100.202210260954/tools/bin/../lib/gcc/arm-none-eabi/10.3.1/thumb/v7e-m+fp/hard\libgcc.a
LOAD d:/st/stm32cubeide_1.11.2/stm32cubeide/plugins/com.st.stm32cube.ide.mcu.externaltools.gnu-tools-for-stm32.10.3-2021.10.win32_1.0.100.202210260954/tools/bin/../lib/gcc/arm-none-eabi/10.3.1/../../../../arm-none-eabi/lib/thumb/v7e-m+fp/hard\libc_nano.a
LOAD d:/st/stm32cubeide_1.11.2/stm32cubeide/plugins/com.st.stm32cube.ide.mcu.externaltools.gnu-tools-for-stm32.10.3-2021.10.win32_1.0.100.202210260954/tools/bin/../lib/gcc/arm-none-eabi/10.3.1/../../../../arm-none-eabi/lib/thumb/v7e-m+fp/hard\libnosys.a
END GROUP
LOAD d:/st/stm32cubeide_1.11.2/stm32cubeide/plugins/com.st.stm32cube.ide.mcu.externaltools.gnu-tools-for-stm32.10.3-2021.10.win32_1.0.100.202210260954/tools/bin/../lib/gcc/arm-none-eabi/10.3.1/thumb/v7e-m+fp/hard/crtend.o
LOAD d:/st/stm32cubeide_1.11.2/stm32cubeide/plugins/com.st.stm32cube.ide.mcu.externaltools.gnu-tools-for-stm32.10.3-2021.10.win32_1.0.100.202210260954/tools/bin/../lib/gcc/arm-none-eabi/10.3.1/thumb/v7e-m+fp/hard/crtn.o
                0x0000000020020000                _estack = (ORIGIN (RAM) + LENGTH (RAM))
                0x0000000000000200                _Min_Heap_Size = 0x200
                0x0000000000000400                _Min_Stack_Size = 0x400

.isr_vector     0x0000000008000000      0x188
                0x0000000008000000                . = ALIGN (0x4)
 *(.isr_vector)
 .isr_vector    0x0000000008000000      0x188 ./Core/Startup/startup_stm32f405rgtx.o
                0x0000000008000000                g_pfnVectors
                0x0000000008000188                . = ALIGN (0x4)

.text           0x0000000008000190     0xf454
                0x0000000008000190                . = ALIGN (0x4)
 *(.text)
 .text          0x0000000008000190       0x40 d:/st/stm32cubeide_1.11.2/stm32cubeide/plugins/com.st.stm32cube.ide.mcu.externaltools.gnu-tools-for-stm32.10.3-2021.10.win32_1.0.100.202210260954/tools/bin/../lib/gcc/arm-none-eabi/10.3.1/thumb/v7e-m+fp/hard/crtbegin.o
 .text          0x00000000080001d0       0x10 d:/st/stm32cubeide_1.11.2/stm32cubeide/plugins/com.st.stm32cube.ide.mcu.externaltools.gnu-tools-for-stm32.10.3-2021.10.win32_1.0.100.202210260954/tools/bin/../lib/gcc/arm-none-eabi/10.3.1/../../../../arm-none-eabi/lib/thumb/v7e-m+fp/hard\libc_nano.a(lib_a-strlen.o)
                0x00000000080001d0                strlen
 .text          0x00000000080001e0       0xa0 d:/st/stm32cubeide_1.11.2/stm32cubeide/plugins/com.st.stm32cube.ide.mcu.externaltools.gnu-tools-for-stm32.10.3-2021.10.win32_1.0.100.202210260954/tools/bin/../lib/gcc/arm-none-eabi/10.3.1/../../../../arm-none-eabi/lib/thumb/v7e-m+fp/hard\libc_nano.a(lib_a-memchr.o)
                0x00000000080001e0                memchr
 .text          0x0000000008000280      0x378 d:/st/stm32cubeide_1.11.2/stm32cubeide/plugins/com.st.stm32cube.ide.mcu.externaltools.gnu-tools-for-stm32.10.3-2021.10.win32_1.0.100.202210260954/tools/bin/../lib/gcc/arm-none-eabi/10.3.1/thumb/v7e-m+fp/hard\libgcc.a(_arm_addsubdf3.o)
                0x0000000008000280                __aeabi_drsub
                0x0000000008000288                __aeabi_dsub
                0x0000000008000288                __subdf3
                0x000000000800028c                __aeabi_dadd
                0x000000000800028c                __adddf3
                0x0000000008000504                __floatunsidf
                0x0000000008000504                __aeabi_ui2d
                0x0000000008000524                __floatsidf
                0x0000000008000524                __aeabi_i2d
                0x0000000008000548                __aeabi_f2d
                0x0000000008000548                __extendsfdf2
                0x000000000800058c                __floatundidf
                0x000000000800058c                __aeabi_ul2d
                0x000000000800059c                __floatdidf
                0x000000000800059c                __aeabi_l2d
 .text          0x00000000080005f8      0x424 d:/st/stm32cubeide_1.11.2/stm32cubeide/plugins/com.st.stm32cube.ide.mcu.externaltools.gnu-tools-for-stm32.10.3-2021.10.win32_1.0.100.202210260954/tools/bin/../lib/gcc/arm-none-eabi/10.3.1/thumb/v7e-m+fp/hard\libgcc.a(_arm_muldivdf3.o)
                0x00000000080005f8                __aeabi_dmul
                0x00000000080005f8                __muldf3
                0x000000000800084c                __divdf3
                0x000000000800084c                __aeabi_ddiv
 .text          0x0000000008000a1c      0x110 d:/st/stm32cubeide_1.11.2/stm32cubeide/plugins/com.st.stm32cube.ide.mcu.externaltools.gnu-tools-for-stm32.10.3-2021.10.win32_1.0.100.202210260954/tools/bin/../lib/gcc/arm-none-eabi/10.3.1/thumb/v7e-m+fp/hard\libgcc.a(_arm_cmpdf2.o)
                0x0000000008000a1c                __gtdf2
                0x0000000008000a1c                __gedf2
                0x0000000008000a24                __ltdf2
                0x0000000008000a24                __ledf2
                0x0000000008000a2c                __nedf2
                0x0000000008000a2c                __eqdf2
                0x0000000008000a2c                __cmpdf2
                0x0000000008000aa8                __aeabi_cdrcmple
                0x0000000008000ab8                __aeabi_cdcmpeq
                0x0000000008000ab8                __aeabi_cdcmple
                0x0000000008000ac8                __aeabi_dcmpeq
                0x0000000008000adc                __aeabi_dcmplt
                0x0000000008000af0                __aeabi_dcmple
                0x0000000008000b04                __aeabi_dcmpge
                0x0000000008000b18                __aeabi_dcmpgt
 .text          0x0000000008000b2c       0x2c d:/st/stm32cubeide_1.11.2/stm32cubeide/plugins/com.st.stm32cube.ide.mcu.externaltools.gnu-tools-for-stm32.10.3-2021.10.win32_1.0.100.202210260954/tools/bin/../lib/gcc/arm-none-eabi/10.3.1/thumb/v7e-m+fp/hard\libgcc.a(_arm_unorddf2.o)
                0x0000000008000b2c                __unorddf2
                0x0000000008000b2c                __aeabi_dcmpun
 .text          0x0000000008000b58       0x50 d:/st/stm32cubeide_1.11.2/stm32cubeide/plugins/com.st.stm32cube.ide.mcu.externaltools.gnu-tools-for-stm32.10.3-2021.10.win32_1.0.100.202210260954/tools/bin/../lib/gcc/arm-none-eabi/10.3.1/thumb/v7e-m+fp/hard\libgcc.a(_arm_fixdfsi.o)
                0x0000000008000b58                __aeabi_d2iz
                0x0000000008000b58                __fixdfsi
 .text          0x0000000008000ba8       0x30 d:/st/stm32cubeide_1.11.2/stm32cubeide/plugins/com.st.stm32cube.ide.mcu.externaltools.gnu-tools-for-stm32.10.3-2021.10.win32_1.0.100.202210260954/tools/bin/../lib/gcc/arm-none-eabi/10.3.1/thumb/v7e-m+fp/hard\libgcc.a(_aeabi_uldivmod.o)
                0x0000000008000ba8                __aeabi_uldivmod
 .text          0x0000000008000bd8      0x2d0 d:/st/stm32cubeide_1.11.2/stm32cubeide/plugins/com.st.stm32cube.ide.mcu.externaltools.gnu-tools-for-stm32.10.3-2021.10.win32_1.0.100.202210260954/tools/bin/../lib/gcc/arm-none-eabi/10.3.1/thumb/v7e-m+fp/hard\libgcc.a(_udivmoddi4.o)
                0x0000000008000bd8                __udivmoddi4
 .text          0x0000000008000ea8        0x4 d:/st/stm32cubeide_1.11.2/stm32cubeide/plugins/com.st.stm32cube.ide.mcu.externaltools.gnu-tools-for-stm32.10.3-2021.10.win32_1.0.100.202210260954/tools/bin/../lib/gcc/arm-none-eabi/10.3.1/thumb/v7e-m+fp/hard\libgcc.a(_dvmd_tls.o)
                0x0000000008000ea8                __aeabi_idiv0
                0x0000000008000ea8                __aeabi_ldiv0
 *(.text*)
 .text.MX_CAN1_Init
                0x0000000008000eac       0x38 ./Core/Src/can.o
                0x0000000008000eac                MX_CAN1_Init
 .text.HAL_CAN_MspInit
                0x0000000008000ee4       0xac ./Core/Src/can.o
                0x0000000008000ee4                HAL_CAN_MspInit
 .text.HAL_CAN_MspDeInit
                0x0000000008000f90       0x48 ./Core/Src/can.o
                0x0000000008000f90                HAL_CAN_MspDeInit
 .text.MX_DMA_Init
                0x0000000008000fd8       0x44 ./Core/Src/dma.o
                0x0000000008000fd8                MX_DMA_Init
 .text._Z15DefaultTaskMainPv
                0x000000000800101c        0xa ./Core/Src/freertos.o
                0x000000000800101c                DefaultTaskMain(void*)
 *fill*         0x0000000008001026        0x2 
 .text._Z11LedTaskMainPv
                0x0000000008001028       0x54 ./Core/Src/freertos.o
                0x0000000008001028                LedTaskMain(void*)
 .text._Z14MotionTaskMainPv
                0x000000000800107c       0x2c ./Core/Src/freertos.o
                0x000000000800107c                MotionTaskMain(void*)
 .text._Z15EncoderTaskMainPv
                0x00000000080010a8       0x80 ./Core/Src/freertos.o
                0x00000000080010a8                EncoderTaskMain(void*)
 .text._Z15CanCommTaskMainPv
                0x0000000008001128       0x88 ./Core/Src/freertos.o
                0x0000000008001128                CanCommTaskMain(void*)
 .text.MX_FREERTOS_Init
                0x00000000080011b0       0xac ./Core/Src/freertos.o
                0x00000000080011b0                MX_FREERTOS_Init
 .text.startup._GLOBAL__sub_I_g_TransportInited
                0x000000000800125c       0x28 ./Core/Src/freertos.o
 .text.MX_GPIO_Init
                0x0000000008001284      0x184 ./Core/Src/gpio.o
                0x0000000008001284                MX_GPIO_Init
 .text.SystemClock_Config
                0x0000000008001408       0x94 ./Core/Src/main.o
                0x0000000008001408                SystemClock_Config
 .text.startup.main
                0x000000000800149c       0x58 ./Core/Src/main.o
                0x000000000800149c                main
 .text.HAL_TIM_PeriodElapsedCallback
                0x00000000080014f4       0x2c ./Core/Src/main.o
                0x00000000080014f4                HAL_TIM_PeriodElapsedCallback
 .text.Error_Handler
                0x0000000008001520        0x2 ./Core/Src/main.o
                0x0000000008001520                Error_Handler
 *fill*         0x0000000008001522        0x2 
 .text.MX_SPI2_Init
                0x0000000008001524       0x44 ./Core/Src/spi.o
                0x0000000008001524                MX_SPI2_Init
 .text.MX_SPI3_Init
                0x0000000008001568       0x4c ./Core/Src/spi.o
                0x0000000008001568                MX_SPI3_Init
 .text.HAL_SPI_MspInit
                0x00000000080015b4       0xec ./Core/Src/spi.o
                0x00000000080015b4                HAL_SPI_MspInit
 .text.HAL_MspInit
                0x00000000080016a0       0x38 ./Core/Src/stm32f4xx_hal_msp.o
                0x00000000080016a0                HAL_MspInit
 .text.HAL_InitTick
                0x00000000080016d8       0x7c ./Core/Src/stm32f4xx_hal_timebase_tim.o
                0x00000000080016d8                HAL_InitTick
 .text.NMI_Handler
                0x0000000008001754        0x2 ./Core/Src/stm32f4xx_it.o
                0x0000000008001754                NMI_Handler
 .text.HardFault_Handler
                0x0000000008001756        0x2 ./Core/Src/stm32f4xx_it.o
                0x0000000008001756                HardFault_Handler
 .text.MemManage_Handler
                0x0000000008001758        0x2 ./Core/Src/stm32f4xx_it.o
                0x0000000008001758                MemManage_Handler
 .text.BusFault_Handler
                0x000000000800175a        0x2 ./Core/Src/stm32f4xx_it.o
                0x000000000800175a                BusFault_Handler
 .text.UsageFault_Handler
                0x000000000800175c        0x2 ./Core/Src/stm32f4xx_it.o
                0x000000000800175c                UsageFault_Handler
 .text.DebugMon_Handler
                0x000000000800175e        0x2 ./Core/Src/stm32f4xx_it.o
                0x000000000800175e                DebugMon_Handler
 .text.EXTI2_IRQHandler
                0x0000000008001760       0x38 ./Core/Src/stm32f4xx_it.o
                0x0000000008001760                EXTI2_IRQHandler
 .text.CAN1_TX_IRQHandler
                0x0000000008001798        0xc ./Core/Src/stm32f4xx_it.o
                0x0000000008001798                CAN1_TX_IRQHandler
 .text.CAN1_RX0_IRQHandler
                0x00000000080017a4        0x4 ./Core/Src/stm32f4xx_it.o
                0x00000000080017a4                CAN1_RX0_IRQHandler
 .text.CAN1_RX1_IRQHandler
                0x00000000080017a8        0x4 ./Core/Src/stm32f4xx_it.o
                0x00000000080017a8                CAN1_RX1_IRQHandler
 .text.CAN1_SCE_IRQHandler
                0x00000000080017ac        0x4 ./Core/Src/stm32f4xx_it.o
                0x00000000080017ac                CAN1_SCE_IRQHandler
 .text.TIM1_UP_TIM10_IRQHandler
                0x00000000080017b0        0xc ./Core/Src/stm32f4xx_it.o
                0x00000000080017b0                TIM1_UP_TIM10_IRQHandler
 .text.TIM1_CC_IRQHandler
                0x00000000080017bc        0x4 ./Core/Src/stm32f4xx_it.o
                0x00000000080017bc                TIM1_CC_IRQHandler
 .text.TIM2_IRQHandler
                0x00000000080017c0        0xc ./Core/Src/stm32f4xx_it.o
                0x00000000080017c0                TIM2_IRQHandler
 .text.USART1_IRQHandler
                0x00000000080017cc        0xc ./Core/Src/stm32f4xx_it.o
                0x00000000080017cc                USART1_IRQHandler
 .text.TIM8_UP_TIM13_IRQHandler
                0x00000000080017d8       0x1c ./Core/Src/stm32f4xx_it.o
                0x00000000080017d8                TIM8_UP_TIM13_IRQHandler
 .text.TIM5_IRQHandler
                0x00000000080017f4        0xc ./Core/Src/stm32f4xx_it.o
                0x00000000080017f4                TIM5_IRQHandler
 .text.DMA2_Stream2_IRQHandler
                0x0000000008001800        0xc ./Core/Src/stm32f4xx_it.o
                0x0000000008001800                DMA2_Stream2_IRQHandler
 .text.DMA2_Stream7_IRQHandler
                0x000000000800180c        0xc ./Core/Src/stm32f4xx_it.o
                0x000000000800180c                DMA2_Stream7_IRQHandler
 .text.initialise_monitor_handles
                0x0000000008001818        0x2 ./Core/Src/syscalls.o
                0x0000000008001818                initialise_monitor_handles
 .text._getpid  0x000000000800181a        0x4 ./Core/Src/syscalls.o
                0x000000000800181a                _getpid
 .text._kill    0x000000000800181e       0x10 ./Core/Src/syscalls.o
                0x000000000800181e                _kill
 .text._exit    0x000000000800182e        0xc ./Core/Src/syscalls.o
                0x000000000800182e                _exit
 .text._read    0x000000000800183a       0x1c ./Core/Src/syscalls.o
                0x000000000800183a                _read
 .text._write   0x0000000008001856       0x1c ./Core/Src/syscalls.o
                0x0000000008001856                _write
 .text._close   0x0000000008001872        0x6 ./Core/Src/syscalls.o
                0x0000000008001872                _close
 .text._fstat   0x0000000008001878        0xa ./Core/Src/syscalls.o
                0x0000000008001878                _fstat
 .text._isatty  0x0000000008001882        0x4 ./Core/Src/syscalls.o
                0x0000000008001882                _isatty
 .text._lseek   0x0000000008001886        0x4 ./Core/Src/syscalls.o
                0x0000000008001886                _lseek
 *fill*         0x000000000800188a        0x2 
 .text._sbrk    0x000000000800188c       0x40 ./Core/Src/sysmem.o
                0x000000000800188c                _sbrk
 .text.SystemInit
                0x00000000080018cc       0x1c ./Core/Src/system_stm32f4xx.o
                0x00000000080018cc                SystemInit
 .text.MX_TIM2_Init
                0x00000000080018e8       0x68 ./Core/Src/tim.o
                0x00000000080018e8                MX_TIM2_Init
 .text.MX_TIM5_Init
                0x0000000008001950       0x6c ./Core/Src/tim.o
                0x0000000008001950                MX_TIM5_Init
 .text.HAL_TIM_PWM_MspInit
                0x00000000080019bc       0xa4 ./Core/Src/tim.o
                0x00000000080019bc                HAL_TIM_PWM_MspInit
 .text.HAL_TIM_OC_MspInit
                0x0000000008001a60       0x70 ./Core/Src/tim.o
                0x0000000008001a60                HAL_TIM_OC_MspInit
 .text.HAL_TIM_MspPostInit
                0x0000000008001ad0       0xc8 ./Core/Src/tim.o
                0x0000000008001ad0                HAL_TIM_MspPostInit
 .text.MX_TIM1_Init
                0x0000000008001b98       0xac ./Core/Src/tim.o
                0x0000000008001b98                MX_TIM1_Init
 .text.MX_TIM8_Init
                0x0000000008001c44       0xac ./Core/Src/tim.o
                0x0000000008001c44                MX_TIM8_Init
 .text.MX_TIM12_Init
                0x0000000008001cf0       0x60 ./Core/Src/tim.o
                0x0000000008001cf0                MX_TIM12_Init
 .text.MX_USART1_UART_Init
                0x0000000008001d50       0x38 ./Core/Src/usart.o
                0x0000000008001d50                MX_USART1_UART_Init
 .text.HAL_UART_MspInit
                0x0000000008001d88       0xf8 ./Core/Src/usart.o
                0x0000000008001d88                HAL_UART_MspInit
 .text.CO_EM_receive
                0x0000000008001e80       0x26 ./Core/Src/cia/301/CO_Emergency.o
 *fill*         0x0000000008001ea6        0x2 
 .text.CO_ODF_1003
                0x0000000008001ea8       0x3c ./Core/Src/cia/301/CO_Emergency.o
 .text.CO_ODF_1014
                0x0000000008001ee4       0x14 ./Core/Src/cia/301/CO_Emergency.o
 .text.CO_EM_init
                0x0000000008001ef8       0xf8 ./Core/Src/cia/301/CO_Emergency.o
                0x0000000008001ef8                CO_EM_init
 .text.CO_errorReport
                0x0000000008001ff0       0x76 ./Core/Src/cia/301/CO_Emergency.o
                0x0000000008001ff0                CO_errorReport
 .text.CO_errorReset
                0x0000000008002066       0x74 ./Core/Src/cia/301/CO_Emergency.o
                0x0000000008002066                CO_errorReset
 .text.CO_EM_process
                0x00000000080020da      0x144 ./Core/Src/cia/301/CO_Emergency.o
                0x00000000080020da                CO_EM_process
 .text.CO_isError
                0x000000000800221e       0x2a ./Core/Src/cia/301/CO_Emergency.o
                0x000000000800221e                CO_isError
 .text.CO_HBcons_receive
                0x0000000008002248       0x1c ./Core/Src/cia/301/CO_HBconsumer.o
 .text.CO_HBconsumer_initEntry
                0x0000000008002264       0xa0 ./Core/Src/cia/301/CO_HBconsumer.o
                0x0000000008002264                CO_HBconsumer_initEntry
 .text.CO_HBconsumer_init
                0x0000000008002304       0xac ./Core/Src/cia/301/CO_HBconsumer.o
                0x0000000008002304                CO_HBconsumer_init
 .text.CO_ODF_1016
                0x00000000080023b0       0x34 ./Core/Src/cia/301/CO_HBconsumer.o
 .text.CO_HBconsumer_initCallbackHeartbeatStarted
                0x00000000080023e4       0x18 ./Core/Src/cia/301/CO_HBconsumer.o
                0x00000000080023e4                CO_HBconsumer_initCallbackHeartbeatStarted
 .text.CO_HBconsumer_initCallbackTimeout
                0x00000000080023fc       0x18 ./Core/Src/cia/301/CO_HBconsumer.o
                0x00000000080023fc                CO_HBconsumer_initCallbackTimeout
 .text.CO_HBconsumer_process
                0x0000000008002414      0x14e ./Core/Src/cia/301/CO_HBconsumer.o
                0x0000000008002414                CO_HBconsumer_process
 .text.CO_NMT_receive
                0x0000000008002562       0x66 ./Core/Src/cia/301/CO_NMT_Heartbeat.o
 .text.CO_NMT_init
                0x00000000080025c8       0x80 ./Core/Src/cia/301/CO_NMT_Heartbeat.o
                0x00000000080025c8                CO_NMT_init
 .text.CO_NMT_initCallbackPre
                0x0000000008002648        0x8 ./Core/Src/cia/301/CO_NMT_Heartbeat.o
                0x0000000008002648                CO_NMT_initCallbackPre
 .text.CO_NMT_initCallbackChanged
                0x0000000008002650        0xe ./Core/Src/cia/301/CO_NMT_Heartbeat.o
                0x0000000008002650                CO_NMT_initCallbackChanged
 .text.CO_NMT_process
                0x000000000800265e      0x322 ./Core/Src/cia/301/CO_NMT_Heartbeat.o
                0x000000000800265e                CO_NMT_process
 .text.CO_PDOfindMap
                0x0000000008002980      0x11c ./Core/Src/cia/301/CO_PDO.o
 .text.CO_RPDOconfigMap
                0x0000000008002a9c       0x92 ./Core/Src/cia/301/CO_PDO.o
 *fill*         0x0000000008002b2e        0x2 
 .text.CO_ODF_RPDOmap
                0x0000000008002b30       0x9c ./Core/Src/cia/301/CO_PDO.o
 .text.CO_TPDOconfigMap
                0x0000000008002bcc       0x8e ./Core/Src/cia/301/CO_PDO.o
 *fill*         0x0000000008002c5a        0x2 
 .text.CO_ODF_TPDOmap
                0x0000000008002c5c       0xa0 ./Core/Src/cia/301/CO_PDO.o
 .text.CO_RPDOconfigCom
                0x0000000008002cfc       0x70 ./Core/Src/cia/301/CO_PDO.o
 .text.CO_ODF_RPDOcom
                0x0000000008002d6c       0xcc ./Core/Src/cia/301/CO_PDO.o
 .text.CO_PDO_receive
                0x0000000008002e38       0x58 ./Core/Src/cia/301/CO_PDO.o
 .text.CO_TPDOconfigCom
                0x0000000008002e90       0x4c ./Core/Src/cia/301/CO_PDO.o
 .text.CO_ODF_TPDOcom
                0x0000000008002edc      0x108 ./Core/Src/cia/301/CO_PDO.o
 .text.CO_RPDO_init
                0x0000000008002fe4       0xb4 ./Core/Src/cia/301/CO_PDO.o
                0x0000000008002fe4                CO_RPDO_init
 .text.CO_TPDO_init
                0x0000000008003098       0xe8 ./Core/Src/cia/301/CO_PDO.o
                0x0000000008003098                CO_TPDO_init
 .text.CO_TPDOisCOS
                0x0000000008003180      0x112 ./Core/Src/cia/301/CO_PDO.o
                0x0000000008003180                CO_TPDOisCOS
 .text.CO_TPDOsend
                0x0000000008003292       0xe6 ./Core/Src/cia/301/CO_PDO.o
                0x0000000008003292                CO_TPDOsend
 .text.CO_RPDO_process
                0x0000000008003378      0x12c ./Core/Src/cia/301/CO_PDO.o
                0x0000000008003378                CO_RPDO_process
 .text.CO_TPDO_process
                0x00000000080034a4       0xfe ./Core/Src/cia/301/CO_PDO.o
                0x00000000080034a4                CO_TPDO_process
 .text.CO_SDO_receive
                0x00000000080035a2       0xe8 ./Core/Src/cia/301/CO_SDOserver.o
 .text.CO_ODF_1200
                0x000000000800368a       0x18 ./Core/Src/cia/301/CO_SDOserver.o
 .text.CO_SDO_abort
                0x00000000080036a2       0x2e ./Core/Src/cia/301/CO_SDOserver.o
 .text.CO_OD_find
                0x00000000080036d0       0x5c ./Core/Src/cia/301/CO_SDOserver.o
                0x00000000080036d0                CO_OD_find
 .text.CO_OD_configure
                0x000000000800372c       0x5e ./Core/Src/cia/301/CO_SDOserver.o
                0x000000000800372c                CO_OD_configure
 *fill*         0x000000000800378a        0x2 
 .text.CO_SDO_init
                0x000000000800378c      0x11c ./Core/Src/cia/301/CO_SDOserver.o
                0x000000000800378c                CO_SDO_init
 .text.CO_OD_getLength
                0x00000000080038a8       0x44 ./Core/Src/cia/301/CO_SDOserver.o
                0x00000000080038a8                CO_OD_getLength
 .text.CO_OD_getAttribute
                0x00000000080038ec       0x4e ./Core/Src/cia/301/CO_SDOserver.o
                0x00000000080038ec                CO_OD_getAttribute
 .text.CO_OD_getDataPointer
                0x000000000800393a       0x42 ./Core/Src/cia/301/CO_SDOserver.o
                0x000000000800393a                CO_OD_getDataPointer
 .text.CO_OD_getFlagsPointer
                0x000000000800397c       0x20 ./Core/Src/cia/301/CO_SDOserver.o
                0x000000000800397c                CO_OD_getFlagsPointer
 .text.CO_SDO_initTransfer
                0x000000000800399c       0xd0 ./Core/Src/cia/301/CO_SDOserver.o
                0x000000000800399c                CO_SDO_initTransfer
 .text.CO_SDO_readOD
                0x0000000008003a6c       0x8c ./Core/Src/cia/301/CO_SDOserver.o
                0x0000000008003a6c                CO_SDO_readOD
 .text.CO_SDO_writeOD
                0x0000000008003af8       0x9c ./Core/Src/cia/301/CO_SDOserver.o
                0x0000000008003af8                CO_SDO_writeOD
 .text.CO_SDO_process
                0x0000000008003b94      0x8dc ./Core/Src/cia/301/CO_SDOserver.o
                0x0000000008003b94                CO_SDO_process
 .text.CO_ODF_1006
                0x0000000008004470       0x34 ./Core/Src/cia/301/CO_SYNC.o
 .text.CO_ODF_1019
                0x00000000080044a4       0x4c ./Core/Src/cia/301/CO_SYNC.o
 .text.CO_ODF_1005
                0x00000000080044f0       0x80 ./Core/Src/cia/301/CO_SYNC.o
 .text.CO_SYNC_receive
                0x0000000008004570       0x4e ./Core/Src/cia/301/CO_SYNC.o
 *fill*         0x00000000080045be        0x2 
 .text.CO_SYNC_init
                0x00000000080045c0      0x10c ./Core/Src/cia/301/CO_SYNC.o
                0x00000000080045c0                CO_SYNC_init
 .text.CO_SYNC_process
                0x00000000080046cc       0xe0 ./Core/Src/cia/301/CO_SYNC.o
                0x00000000080046cc                CO_SYNC_process
 .text.CO_TIME_receive
                0x00000000080047ac       0x34 ./Core/Src/cia/301/CO_TIME.o
 .text.CO_TIME_init
                0x00000000080047e0       0xc4 ./Core/Src/cia/301/CO_TIME.o
                0x00000000080047e0                CO_TIME_init
 .text.CO_TIME_process
                0x00000000080048a4       0xa4 ./Core/Src/cia/301/CO_TIME.o
                0x00000000080048a4                CO_TIME_process
 .text.crc16_ccitt
                0x0000000008004948       0x28 ./Core/Src/cia/301/crc16-ccitt.o
                0x0000000008004948                crc16_ccitt
 .text.PP_OnTargetReach
                0x0000000008004970       0x1c ./Core/Src/cia/402/dspp.o
                0x0000000008004970                PP_OnTargetReach
 .text.PP_OnMotionStart
                0x000000000800498c       0x20 ./Core/Src/cia/402/dspp.o
                0x000000000800498c                PP_OnMotionStart
 .text.PP_reset
                0x00000000080049ac       0x10 ./Core/Src/cia/402/dspp.o
                0x00000000080049ac                PP_reset
 .text.PP_Init  0x00000000080049bc        0x4 ./Core/Src/cia/402/dspp.o
                0x00000000080049bc                PP_Init
 .text.PP_active
                0x00000000080049c0       0x24 ./Core/Src/cia/402/dspp.o
                0x00000000080049c0                PP_active
 .text.PP_exec  0x00000000080049e4       0x64 ./Core/Src/cia/402/dspp.o
                0x00000000080049e4                PP_exec
 .text.DS402_buildStatusWordByStatus
                0x0000000008004a48       0x7e ./Core/Src/cia/402/dsstate.o
                0x0000000008004a48                DS402_buildStatusWordByStatus
 .text.DS402_getStatus
                0x0000000008004ac6       0x40 ./Core/Src/cia/402/dsstate.o
                0x0000000008004ac6                DS402_getStatus
 .text.DS402_getNewStatusByControlWord
                0x0000000008004b06       0x86 ./Core/Src/cia/402/dsstate.o
                0x0000000008004b06                DS402_getNewStatusByControlWord
 .text.DS402_getModeActionFromControlWord
                0x0000000008004b8c       0x36 ./Core/Src/cia/402/dsstate.o
                0x0000000008004b8c                DS402_getModeActionFromControlWord
 *fill*         0x0000000008004bc2        0x2 
 .text.HOME_finish
                0x0000000008004bc4       0x24 ./Core/Src/cia/402/home.o
                0x0000000008004bc4                HOME_finish
 .text.HOME_reset
                0x0000000008004be8       0x10 ./Core/Src/cia/402/home.o
                0x0000000008004be8                HOME_reset
 .text.HOME_setProfile
                0x0000000008004bf8       0x14 ./Core/Src/cia/402/home.o
                0x0000000008004bf8                HOME_setProfile
 .text.HOME_Init
                0x0000000008004c0c       0x1c ./Core/Src/cia/402/home.o
                0x0000000008004c0c                HOME_Init
 .text.HOME_active
                0x0000000008004c28       0x1c ./Core/Src/cia/402/home.o
                0x0000000008004c28                HOME_active
 .text.HOME_exec
                0x0000000008004c44       0x98 ./Core/Src/cia/402/home.o
                0x0000000008004c44                HOME_exec
 .text.HOME_OnSwitchSignal
                0x0000000008004cdc       0x68 ./Core/Src/cia/402/home.o
                0x0000000008004cdc                HOME_OnSwitchSignal
 .text.CO_new   0x0000000008004d44      0x154 ./Core/Src/cia/CANopen.o
                0x0000000008004d44                CO_new
 .text.CO_CANinit
                0x0000000008004e98       0x40 ./Core/Src/cia/CANopen.o
                0x0000000008004e98                CO_CANinit
 .text.CO_CANopenInit
                0x0000000008004ed8      0x228 ./Core/Src/cia/CANopen.o
                0x0000000008004ed8                CO_CANopenInit
 .text.CO_process
                0x0000000008005100       0x84 ./Core/Src/cia/CANopen.o
                0x0000000008005100                CO_process
 .text.CO_process_SYNC
                0x0000000008005184       0x28 ./Core/Src/cia/CANopen.o
                0x0000000008005184                CO_process_SYNC
 .text.CO_process_RPDO
                0x00000000080051ac       0x1c ./Core/Src/cia/CANopen.o
                0x00000000080051ac                CO_process_RPDO
 .text.CO_process_TPDO
                0x00000000080051c8       0x3c ./Core/Src/cia/CANopen.o
                0x00000000080051c8                CO_process_TPDO
 .text.MCD_reset
                0x0000000008005204       0x28 ./Core/Src/cia/mcdrv.o
                0x0000000008005204                MCD_reset
 .text.MCD_setSwtichOnDisabled
                0x000000000800522c       0x10 ./Core/Src/cia/mcdrv.o
                0x000000000800522c                MCD_setSwtichOnDisabled
 .text.MCD_Init
                0x000000000800523c       0x30 ./Core/Src/cia/mcdrv.o
                0x000000000800523c                MCD_Init
 .text.MCD_changeMode
                0x000000000800526c       0x26 ./Core/Src/cia/mcdrv.o
                0x000000000800526c                MCD_changeMode
 .text.MCD_OnProfileUpdate
                0x0000000008005292       0x1a ./Core/Src/cia/mcdrv.o
                0x0000000008005292                MCD_OnProfileUpdate
 .text.MCD_handleModeAction
                0x00000000080052ac       0x1a ./Core/Src/cia/mcdrv.o
                0x00000000080052ac                MCD_handleModeAction
 .text.MCD_changeStatus
                0x00000000080052c6        0xe ./Core/Src/cia/mcdrv.o
                0x00000000080052c6                MCD_changeStatus
 .text.MCD_OnControlWordUpdate
                0x00000000080052d4       0x42 ./Core/Src/cia/mcdrv.o
                0x00000000080052d4                MCD_OnControlWordUpdate
 .text.MCD_OnCommandSerialNumberUpdate
                0x0000000008005316        0x2 ./Core/Src/cia/mcdrv.o
                0x0000000008005316                MCD_OnCommandSerialNumberUpdate
 .text.MCD_OnTargetUpdate
                0x0000000008005318        0x2 ./Core/Src/cia/mcdrv.o
                0x0000000008005318                MCD_OnTargetUpdate
 .text.MCD_OnVelocityUpdate
                0x000000000800531a        0x2 ./Core/Src/cia/mcdrv.o
                0x000000000800531a                MCD_OnVelocityUpdate
 .text.MCD_OnAccelerationUpdate
                0x000000000800531c        0x2 ./Core/Src/cia/mcdrv.o
                0x000000000800531c                MCD_OnAccelerationUpdate
 *fill*         0x000000000800531e        0x2 
 .text.NODE_NMTCallbackPre
                0x0000000008005320        0xc ./Core/Src/cia/node.o
                0x0000000008005320                NODE_NMTCallbackPre
 .text.NODE_OnMasterHBTimeoutCallback
                0x000000000800532c       0x2c ./Core/Src/cia/node.o
                0x000000000800532c                NODE_OnMasterHBTimeoutCallback
 .text.NODE_OnMasterHBStartedCallback
                0x0000000008005358        0xc ./Core/Src/cia/node.o
                0x0000000008005358                NODE_OnMasterHBStartedCallback
 .text.NODE_OnControlWordUpdate
                0x0000000008005364       0x10 ./Core/Src/cia/node.o
                0x0000000008005364                NODE_OnControlWordUpdate
 .text.NODE_OnTargetUpdate
                0x0000000008005374        0xa ./Core/Src/cia/node.o
                0x0000000008005374                NODE_OnTargetUpdate
 .text.NODE_OnCommandSerialNumberUpdate
                0x000000000800537e        0xa ./Core/Src/cia/node.o
                0x000000000800537e                NODE_OnCommandSerialNumberUpdate
 .text.NODE_OnVelocityUpdate
                0x0000000008005388        0xa ./Core/Src/cia/node.o
                0x0000000008005388                NODE_OnVelocityUpdate
 .text.NODE_OnAccelerationUpdate
                0x0000000008005392        0xa ./Core/Src/cia/node.o
                0x0000000008005392                NODE_OnAccelerationUpdate
 .text.NODE_NMTCallback
                0x000000000800539c       0x68 ./Core/Src/cia/node.o
                0x000000000800539c                NODE_NMTCallback
 .text.NODE_OnProfileUpdate
                0x0000000008005404       0x80 ./Core/Src/cia/node.o
                0x0000000008005404                NODE_OnProfileUpdate
 .text.NODE_new
                0x0000000008005484       0x20 ./Core/Src/cia/node.o
                0x0000000008005484                NODE_new
 .text.NODE_Init
                0x00000000080054a4      0x194 ./Core/Src/cia/node.o
                0x00000000080054a4                NODE_Init
 .text.NODE_process
                0x0000000008005638       0x40 ./Core/Src/cia/node.o
                0x0000000008005638                NODE_process
 .text.CO_CANsetConfigurationMode
                0x0000000008005678        0x2 ./Core/Src/cia/board/CANStm32.o
                0x0000000008005678                CO_CANsetConfigurationMode
 .text.CO_CANsetNormalMode
                0x000000000800567a       0x24 ./Core/Src/cia/board/CANStm32.o
                0x000000000800567a                CO_CANsetNormalMode
 .text.CO_CANmodule_disable
                0x000000000800569e       0x1a ./Core/Src/cia/board/CANStm32.o
                0x000000000800569e                CO_CANmodule_disable
 .text.CO_CANmodule_init
                0x00000000080056b8      0x160 ./Core/Src/cia/board/CANStm32.o
                0x00000000080056b8                CO_CANmodule_init
 .text.CO_CANrxBufferInit
                0x0000000008005818       0x4e ./Core/Src/cia/board/CANStm32.o
                0x0000000008005818                CO_CANrxBufferInit
 .text.CO_CANtxBufferInit
                0x0000000008005866       0x3a ./Core/Src/cia/board/CANStm32.o
                0x0000000008005866                CO_CANtxBufferInit
 .text.CO_CANsend
                0x00000000080058a0       0x68 ./Core/Src/cia/board/CANStm32.o
                0x00000000080058a0                CO_CANsend
 .text.CO_CANclearPendingSyncPDOs
                0x0000000008005908       0x50 ./Core/Src/cia/board/CANStm32.o
                0x0000000008005908                CO_CANclearPendingSyncPDOs
 .text.CO_CANpolling_Tx
                0x0000000008005958       0x70 ./Core/Src/cia/board/CANStm32.o
                0x0000000008005958                CO_CANpolling_Tx
 .text.CO_CANverifyErrors
                0x00000000080059c8       0xc8 ./Core/Src/cia/board/CANStm32.o
                0x00000000080059c8                CO_CANverifyErrors
 .text.CO_CANinterrupt
                0x0000000008005a90       0x60 ./Core/Src/cia/board/CANStm32.o
                0x0000000008005a90                CO_CANinterrupt
 .text.HAL_CAN_RxFifo0MsgPendingCallback
                0x0000000008005af0       0x24 ./Core/Src/cia/board/CANStm32.o
                0x0000000008005af0                HAL_CAN_RxFifo0MsgPendingCallback
 .text.HAL_CAN_RxFifo1MsgPendingCallback
                0x0000000008005b14       0x24 ./Core/Src/cia/board/CANStm32.o
                0x0000000008005b14                HAL_CAN_RxFifo1MsgPendingCallback
 .text.LOG_Init
                0x0000000008005b38       0x1c ./Core/Src/dbg/log.o
                0x0000000008005b38                LOG_Init
 .text.LOG_Print
                0x0000000008005b54       0x64 ./Core/Src/dbg/log.o
                0x0000000008005b54                LOG_Print
 .text.AS5048A_SPI_WriteData
                0x0000000008005bb8       0x44 ./Core/Src/encoder/as5048a.o
 .text.parity_even
                0x0000000008005bfc       0x18 ./Core/Src/encoder/as5048a.o
 .text.AS5048A_ClearAndNop
                0x0000000008005c14       0x28 ./Core/Src/encoder/as5048a.o
 .text.AS5048A_Init
                0x0000000008005c3c        0x2 ./Core/Src/encoder/as5048a.o
                0x0000000008005c3c                AS5048A_Init
 .text.AS5048A_ReadReg
                0x0000000008005c3e       0x46 ./Core/Src/encoder/as5048a.o
                0x0000000008005c3e                AS5048A_ReadReg
 .text.AS5048A_ReadValue
                0x0000000008005c84       0x32 ./Core/Src/encoder/as5048a.o
                0x0000000008005c84                AS5048A_ReadValue
 .text.AS5048A_ReadAngle
                0x0000000008005cb6        0xa ./Core/Src/encoder/as5048a.o
                0x0000000008005cb6                AS5048A_ReadAngle
 .text.RND_Init
                0x0000000008005cc0       0x38 ./Core/Src/encoder/round.o
                0x0000000008005cc0                RND_Init
 .text.RND_Input
                0x0000000008005cf8       0xa0 ./Core/Src/encoder/round.o
                0x0000000008005cf8                RND_Input
 .text.RND_GetCrossAngle
                0x0000000008005d98       0x9c ./Core/Src/encoder/round.o
                0x0000000008005d98                RND_GetCrossAngle
 .text.RND_GetIncSteps
                0x0000000008005e34       0x50 ./Core/Src/encoder/round.o
                0x0000000008005e34                RND_GetIncSteps
 .text.JNT_dbgOutput
                0x0000000008005e84       0x2a ./Core/Src/message/message.o
                0x0000000008005e84                JNT_dbgOutput
 *fill*         0x0000000008005eae        0x2 
 .text.PIDProfile_Step
                0x0000000008005eb0       0x98 ./Core/Src/motion/PIDProfile.o
                0x0000000008005eb0                PIDProfile_Step
 .text.PIDProfile_Start
                0x0000000008005f48       0x28 ./Core/Src/motion/PIDProfile.o
                0x0000000008005f48                PIDProfile_Start
 .text.PIDProfile_Initialize
                0x0000000008005f70       0x18 ./Core/Src/motion/PIDProfile.o
                0x0000000008005f70                PIDProfile_Initialize
 .text.MOTOR_Init
                0x0000000008005f88       0x1c ./Core/Src/motion/motor.o
                0x0000000008005f88                MOTOR_Init
 .text.MOTOR_bindDriver
                0x0000000008005fa4      0x1a4 ./Core/Src/motion/motor.o
                0x0000000008005fa4                MOTOR_bindDriver
 .text.MOTOR_run
                0x0000000008006148        0x4 ./Core/Src/motion/motor.o
                0x0000000008006148                MOTOR_run
 .text.MOTOR_stop
                0x000000000800614c       0x10 ./Core/Src/motion/motor.o
                0x000000000800614c                MOTOR_stop
 .text.MOTOR_loop
                0x000000000800615c        0x2 ./Core/Src/motion/motor.o
                0x000000000800615c                MOTOR_loop
 *fill*         0x000000000800615e        0x2 
 .text.MOTOR_setPolarity
                0x0000000008006160        0xc ./Core/Src/motion/motor.o
                0x0000000008006160                MOTOR_setPolarity
 .text.MOTOR_setSpeed
                0x000000000800616c       0x28 ./Core/Src/motion/motor.o
                0x000000000800616c                MOTOR_setSpeed
 .text.MOTOR_getSpeed
                0x0000000008006194        0xc ./Core/Src/motion/motor.o
                0x0000000008006194                MOTOR_getSpeed
 .text.MOTOR_setRelTarget
                0x00000000080061a0       0x1c ./Core/Src/motion/motor.o
                0x00000000080061a0                MOTOR_setRelTarget
 .text.MOTOR_setAbsTarget
                0x00000000080061bc       0x10 ./Core/Src/motion/motor.o
                0x00000000080061bc                MOTOR_setAbsTarget
 .text.MOTOR_getTarget
                0x00000000080061cc        0xc ./Core/Src/motion/motor.o
                0x00000000080061cc                MOTOR_getTarget
 .text.MOTOR_getPosDiff
                0x00000000080061d8       0x14 ./Core/Src/motion/motor.o
                0x00000000080061d8                MOTOR_getPosDiff
 .text.MT_Loop  0x00000000080061ec       0x24 ./Core/Src/motion/nmotion.o
                0x00000000080061ec                MT_Loop
 .text.MT_setProfile
                0x0000000008006210       0x28 ./Core/Src/motion/nmotion.o
                0x0000000008006210                MT_setProfile
 .text._Z8MT_Clearv
                0x0000000008006238       0x3c ./Core/Src/motion/nmotion.o
                0x0000000008006238                MT_Clear()
 .text.MT_Reset
                0x0000000008006274       0x1c ./Core/Src/motion/nmotion.o
                0x0000000008006274                MT_Reset
 .text.MT_Begin
                0x0000000008006290       0x14 ./Core/Src/motion/nmotion.o
                0x0000000008006290                MT_Begin
 .text.MT_Init  0x00000000080062a4       0x44 ./Core/Src/motion/nmotion.o
                0x00000000080062a4                MT_Init
 .text.MT_setReachCallback
                0x00000000080062e8        0xc ./Core/Src/motion/nmotion.o
                0x00000000080062e8                MT_setReachCallback
 .text.MT_setMotionStartPreCallback
                0x00000000080062f4        0xc ./Core/Src/motion/nmotion.o
                0x00000000080062f4                MT_setMotionStartPreCallback
 .text.MT_setReachWindow
                0x0000000008006300       0x18 ./Core/Src/motion/nmotion.o
                0x0000000008006300                MT_setReachWindow
 .text._Z8MT_StartP14MotionMsgItem_m
                0x0000000008006318       0xfc ./Core/Src/motion/nmotion.o
                0x0000000008006318                MT_Start(MotionMsgItem_*, unsigned long)
 .text._Z14MT_ProfileStepP16MT_RequestBlock_m
                0x0000000008006414       0x44 ./Core/Src/motion/nmotion.o
                0x0000000008006414                MT_ProfileStep(MT_RequestBlock_*, unsigned long)
 .text._Z11MT_OverTimeP16MT_RequestBlock_
                0x0000000008006458        0x6 ./Core/Src/motion/nmotion.o
                0x0000000008006458                MT_OverTime(MT_RequestBlock_*)
 *fill*         0x000000000800645e        0x2 
 .text._Z8MT_ReachP16MT_RequestBlock_
                0x0000000008006460       0x30 ./Core/Src/motion/nmotion.o
                0x0000000008006460                MT_Reach(MT_RequestBlock_*)
 .text._Z10MT_IsReachP16MT_RequestBlock_
                0x0000000008006490       0x40 ./Core/Src/motion/nmotion.o
                0x0000000008006490                MT_IsReach(MT_RequestBlock_*)
 .text._Z17MT_CorrectingStepm
                0x00000000080064d0       0x44 ./Core/Src/motion/nmotion.o
                0x00000000080064d0                MT_CorrectingStep(unsigned long)
 .text._Z13MT_CorrectingP16MT_RequestBlock_m
                0x0000000008006514       0x64 ./Core/Src/motion/nmotion.o
                0x0000000008006514                MT_Correcting(MT_RequestBlock_*, unsigned long)
 .text.MT_Halt  0x0000000008006578       0x54 ./Core/Src/motion/nmotion.o
                0x0000000008006578                MT_Halt
 .text.MT_UpdateTask
                0x00000000080065cc       0x64 ./Core/Src/motion/nmotion.o
                0x00000000080065cc                MT_UpdateTask
 .text.MT_NewTask
                0x0000000008006630       0x40 ./Core/Src/motion/nmotion.o
                0x0000000008006630                MT_NewTask
 .text.MT_process_v3
                0x0000000008006670       0x90 ./Core/Src/motion/nmotion.o
                0x0000000008006670                MT_process_v3
 .text.PosProfile_Step
                0x0000000008006700      0x1ac ./Core/Src/motion/posprofile.o
                0x0000000008006700                PosProfile_Step
 .text.PosProfile_CalcPhase1Timing
                0x00000000080068ac      0x2ec ./Core/Src/motion/posprofile.o
                0x00000000080068ac                PosProfile_CalcPhase1Timing
 .text.PosProfile_CalcPhase0Timing
                0x0000000008006b98       0x6c ./Core/Src/motion/posprofile.o
                0x0000000008006b98                PosProfile_CalcPhase0Timing
 .text.PosProfile_Prepare
                0x0000000008006c04      0x18c ./Core/Src/motion/posprofile.o
                0x0000000008006c04                PosProfile_Prepare
 .text.PosProfile_Initialize
                0x0000000008006d90       0x70 ./Core/Src/motion/posprofile.o
                0x0000000008006d90                PosProfile_Initialize
 .text.PosProfile_Start
                0x0000000008006e00       0x9c ./Core/Src/motion/posprofile.o
                0x0000000008006e00                PosProfile_Start
 .text.PosProfile_StartHalt
                0x0000000008006e9c       0xc4 ./Core/Src/motion/posprofile.o
                0x0000000008006e9c                PosProfile_StartHalt
 .text.PosProfile_GetTargetPos
                0x0000000008006f60       0x20 ./Core/Src/motion/posprofile.o
                0x0000000008006f60                PosProfile_GetTargetPos
 .text.PosProfile_StepOver
                0x0000000008006f80       0x18 ./Core/Src/motion/posprofile.o
                0x0000000008006f80                PosProfile_StepOver
 .text.TPB_Init
                0x0000000008006f98       0x28 ./Core/Src/motion/trajectory.o
                0x0000000008006f98                TPB_Init
 .text._ZN11SW_SPIClassC2Ettt
                0x0000000008006fc0        0xa ./Core/Src/serial/sw_spi.o
                0x0000000008006fc0                SW_SPIClass::SW_SPIClass(unsigned short, unsigned short, unsigned short)
                0x0000000008006fc0                SW_SPIClass::SW_SPIClass(unsigned short, unsigned short, unsigned short)
 .text._ZN11SW_SPIClass4initEv
                0x0000000008006fca        0x2 ./Core/Src/serial/sw_spi.o
                0x0000000008006fca                SW_SPIClass::init()
 .text._ZN11SW_SPIClass11switchCSpinEb
                0x0000000008006fcc       0x20 ./Core/Src/serial/sw_spi.o
                0x0000000008006fcc                SW_SPIClass::switchCSpin(bool)
 .text._ZN11SW_SPIClass8transferEh
                0x0000000008006fec       0x30 ./Core/Src/serial/sw_spi.o
                0x0000000008006fec                SW_SPIClass::transfer(unsigned char)
 .text.Stepper_SetDir
                0x000000000800701c       0x30 ./Core/Src/stepper/nstepper.o
                0x000000000800701c                Stepper_SetDir
 .text.Stepper_Init
                0x000000000800704c       0x3c ./Core/Src/stepper/nstepper.o
                0x000000000800704c                Stepper_Init
 .text.Stepper_SetSpeed
                0x0000000008007088       0x2c ./Core/Src/stepper/nstepper.o
                0x0000000008007088                Stepper_SetSpeed
 .text.Stepper_Stop
                0x00000000080070b4       0x40 ./Core/Src/stepper/nstepper.o
                0x00000000080070b4                Stepper_Stop
 .text.Stepper_Run
                0x00000000080070f4       0x18 ./Core/Src/stepper/nstepper.o
                0x00000000080070f4                Stepper_Run
 .text.Stepper_StepsISR
                0x000000000800710c       0x20 ./Core/Src/stepper/nstepper.o
                0x000000000800710c                Stepper_StepsISR
 .text.HAL_TIM_PWM_PulseFinishedCallback
                0x000000000800712c       0x24 ./Core/Src/stepper/nstepper.o
                0x000000000800712c                HAL_TIM_PWM_PulseFinishedCallback
 .text._ZN14TMC2130Stepper5hstrtEh
                0x0000000008007150       0x20 ./Core/Src/stepper/tmc/CHOPCONF.o
                0x0000000008007150                TMC2130Stepper::hstrt(unsigned char)
 .text._ZN14TMC2130Stepper4hendEh
                0x0000000008007170       0x3a ./Core/Src/stepper/tmc/CHOPCONF.o
                0x0000000008007170                TMC2130Stepper::hend(unsigned char)
 .text._ZN14TMC2130Stepper3tblEh
                0x00000000080071aa       0x3a ./Core/Src/stepper/tmc/CHOPCONF.o
                0x00000000080071aa                TMC2130Stepper::tbl(unsigned char)
 .text._ZN14TMC2130Stepper6vsenseEb
                0x00000000080071e4       0x20 ./Core/Src/stepper/tmc/CHOPCONF.o
                0x00000000080071e4                TMC2130Stepper::vsense(bool)
 .text._ZN14TMC2130Stepper4mresEh
                0x0000000008007204       0x20 ./Core/Src/stepper/tmc/CHOPCONF.o
                0x0000000008007204                TMC2130Stepper::mres(unsigned char)
 .text._ZN14TMC2130Stepper8CHOPCONFEv
                0x0000000008007224        0x8 ./Core/Src/stepper/tmc/CHOPCONF.o
                0x0000000008007224                TMC2130Stepper::CHOPCONF()
 .text._ZN14TMC2130Stepper5hstrtEv
                0x000000000800722c       0x10 ./Core/Src/stepper/tmc/CHOPCONF.o
                0x000000000800722c                TMC2130Stepper::hstrt()
 .text._ZN14TMC2130Stepper4hendEv
                0x000000000800723c       0x10 ./Core/Src/stepper/tmc/CHOPCONF.o
                0x000000000800723c                TMC2130Stepper::hend()
 .text._ZN14TMC2130Stepper3tblEv
                0x000000000800724c       0x10 ./Core/Src/stepper/tmc/CHOPCONF.o
                0x000000000800724c                TMC2130Stepper::tbl()
 .text._ZN14TMC2130Stepper6vsenseEv
                0x000000000800725c       0x10 ./Core/Src/stepper/tmc/CHOPCONF.o
                0x000000000800725c                TMC2130Stepper::vsense()
 .text._ZN14TMC2130Stepper4mresEv
                0x000000000800726c       0x10 ./Core/Src/stepper/tmc/CHOPCONF.o
                0x000000000800726c                TMC2130Stepper::mres()
 .text._ZN14TMC2130Stepper8CHOPCONFEm
                0x000000000800727c        0xe ./Core/Src/stepper/tmc/CHOPCONF.o
                0x000000000800727c                TMC2130Stepper::CHOPCONF(unsigned long)
 .text._ZN14TMC2130Stepper4toffEh
                0x000000000800728a       0x20 ./Core/Src/stepper/tmc/CHOPCONF.o
                0x000000000800728a                TMC2130Stepper::toff(unsigned char)
 .text._ZN14TMC2130Stepper3chmEb
                0x00000000080072aa       0x20 ./Core/Src/stepper/tmc/CHOPCONF.o
                0x00000000080072aa                TMC2130Stepper::chm(bool)
 .text._ZN14TMC2130Stepper6intpolEb
                0x00000000080072ca       0x20 ./Core/Src/stepper/tmc/CHOPCONF.o
                0x00000000080072ca                TMC2130Stepper::intpol(bool)
 .text._ZN14TMC2130Stepper4toffEv
                0x00000000080072ea       0x10 ./Core/Src/stepper/tmc/CHOPCONF.o
                0x00000000080072ea                TMC2130Stepper::toff()
 .text._ZN14TMC2130Stepper8COOLCONFEm
                0x00000000080072fa       0x2e ./Core/Src/stepper/tmc/COOLCONF.o
                0x00000000080072fa                TMC2130Stepper::COOLCONF(unsigned long)
 .text._ZN14TMC2130Stepper5seminEh
                0x0000000008007328       0x24 ./Core/Src/stepper/tmc/COOLCONF.o
                0x0000000008007328                TMC2130Stepper::semin(unsigned char)
 .text._ZN14TMC2130Stepper5semaxEh
                0x000000000800734c       0x24 ./Core/Src/stepper/tmc/COOLCONF.o
                0x000000000800734c                TMC2130Stepper::semax(unsigned char)
 .text._ZN14TMC2130Stepper4sednEh
                0x0000000008007370       0x24 ./Core/Src/stepper/tmc/COOLCONF.o
                0x0000000008007370                TMC2130Stepper::sedn(unsigned char)
 .text._ZN14TMC2130Stepper3sgtEa
                0x0000000008007394       0x24 ./Core/Src/stepper/tmc/COOLCONF.o
                0x0000000008007394                TMC2130Stepper::sgt(signed char)
 .text._ZN14TMC2160Stepper8DRV_CONFEm
                0x00000000080073b8       0x14 ./Core/Src/stepper/tmc/DRV_CONF.o
                0x00000000080073b8                TMC2160Stepper::DRV_CONF(unsigned long)
 .text._ZN14TMC2130Stepper10DRV_STATUSEv
                0x00000000080073cc        0x8 ./Core/Src/stepper/tmc/DRV_STATUS.o
                0x00000000080073cc                TMC2130Stepper::DRV_STATUS()
 .text._ZN14TMC5130Stepper7ENCMODEEm
                0x00000000080073d4       0x18 ./Core/Src/stepper/tmc/ENCMODE.o
                0x00000000080073d4                TMC5130Stepper::ENCMODE(unsigned long)
 .text._ZN14TMC2130Stepper5GCONFEm
                0x00000000080073ec       0x14 ./Core/Src/stepper/tmc/GCONF.o
                0x00000000080073ec                TMC2130Stepper::GCONF(unsigned long)
 .text._ZN10TMCStepper10IHOLD_IRUNEm
                0x0000000008007400       0x14 ./Core/Src/stepper/tmc/IHOLD_IRUN.o
                0x0000000008007400                TMCStepper::IHOLD_IRUN(unsigned long)
 .text._ZN10TMCStepper5iholdEh
                0x0000000008007414       0x16 ./Core/Src/stepper/tmc/IHOLD_IRUN.o
                0x0000000008007414                TMCStepper::ihold(unsigned char)
 .text._ZN10TMCStepper4irunEh
                0x000000000800742a       0x16 ./Core/Src/stepper/tmc/IHOLD_IRUN.o
                0x000000000800742a                TMCStepper::irun(unsigned char)
 .text._ZN14TMC2160Stepper7PWMCONFEm
                0x0000000008007440        0xc ./Core/Src/stepper/tmc/PWMCONF.o
                0x0000000008007440                TMC2160Stepper::PWMCONF(unsigned long)
 .text._ZN14TMC2160Stepper8pwm_freqEh
                0x000000000800744c       0x1e ./Core/Src/stepper/tmc/PWMCONF.o
                0x000000000800744c                TMC2160Stepper::pwm_freq(unsigned char)
 .text._ZN14TMC2160Stepper10SHORT_CONFEm
                0x000000000800746a       0x14 ./Core/Src/stepper/tmc/SHORT_CONF.o
                0x000000000800746a                TMC2160Stepper::SHORT_CONF(unsigned long)
 .text._ZN14TMC5130Stepper7SW_MODEEm
                0x000000000800747e       0x18 ./Core/Src/stepper/tmc/SW_MODE.o
                0x000000000800747e                TMC5130Stepper::SW_MODE(unsigned long)
 *fill*         0x0000000008007496        0x2 
 .text._ZN14TMC2130StepperC2Etfttta
                0x0000000008007498       0xac ./Core/Src/stepper/tmc/TMC2130Stepper.o
                0x0000000008007498                TMC2130Stepper::TMC2130Stepper(unsigned short, float, unsigned short, unsigned short, unsigned short, signed char)
                0x0000000008007498                TMC2130Stepper::TMC2130Stepper(unsigned short, float, unsigned short, unsigned short, unsigned short, signed char)
 .text._ZN14TMC2130Stepper11switchCSpinEb
                0x0000000008007544        0xa ./Core/Src/stepper/tmc/TMC2130Stepper.o
                0x0000000008007544                TMC2130Stepper::switchCSpin(bool)
 .text._ZN14TMC2130Stepper16beginTransactionEv
                0x000000000800754e        0x2 ./Core/Src/stepper/tmc/TMC2130Stepper.o
                0x000000000800754e                TMC2130Stepper::beginTransaction()
 .text._ZN14TMC2130Stepper14endTransactionEv
                0x0000000008007550        0x2 ./Core/Src/stepper/tmc/TMC2130Stepper.o
                0x0000000008007550                TMC2130Stepper::endTransaction()
 .text._ZN14TMC2130Stepper8transferEh
                0x0000000008007552        0xa ./Core/Src/stepper/tmc/TMC2130Stepper.o
                0x0000000008007552                TMC2130Stepper::transfer(unsigned char)
 .text._ZN14TMC2130Stepper18transferEmptyBytesEh
                0x000000000800755c       0x1a ./Core/Src/stepper/tmc/TMC2130Stepper.o
                0x000000000800755c                TMC2130Stepper::transferEmptyBytes(unsigned char)
 *fill*         0x0000000008007576        0x2 
 .text._ZN14TMC2130Stepper4readEh
                0x0000000008007578       0xb0 ./Core/Src/stepper/tmc/TMC2130Stepper.o
                0x0000000008007578                TMC2130Stepper::read(unsigned char)
 .text._ZN14TMC2130Stepper5writeEhm
                0x0000000008007628       0x6c ./Core/Src/stepper/tmc/TMC2130Stepper.o
                0x0000000008007628                TMC2130Stepper::write(unsigned char, unsigned long)
 .text._ZN14TMC2130Stepper4IOINEv
                0x0000000008007694        0x8 ./Core/Src/stepper/tmc/TMC2130Stepper.o
                0x0000000008007694                TMC2130Stepper::IOIN()
 .text._ZN14TMC2130Stepper12drv_enn_cfg6Ev
                0x000000000800769c       0x10 ./Core/Src/stepper/tmc/TMC2130Stepper.o
                0x000000000800769c                TMC2130Stepper::drv_enn_cfg6()
 .text._ZN14TMC2130Stepper9isEnabledEv
                0x00000000080076ac       0x1c ./Core/Src/stepper/tmc/TMC2130Stepper.o
                0x00000000080076ac                TMC2130Stepper::isEnabled()
 .text._ZN14TMC2130Stepper9TCOOLTHRSEm
                0x00000000080076c8       0x22 ./Core/Src/stepper/tmc/TMC2130Stepper.o
                0x00000000080076c8                TMC2130Stepper::TCOOLTHRS(unsigned long)
 .text._ZN14TMC2130Stepper5THIGHEm
                0x00000000080076ea       0x28 ./Core/Src/stepper/tmc/TMC2130Stepper.o
                0x00000000080076ea                TMC2130Stepper::THIGH(unsigned long)
 .text._ZN14TMC2130Stepper7XDIRECTEm
                0x0000000008007712       0x26 ./Core/Src/stepper/tmc/TMC2130Stepper.o
                0x0000000008007712                TMC2130Stepper::XDIRECT(unsigned long)
 .text._ZN14TMC2130Stepper6VDCMINEm
                0x0000000008007738       0x26 ./Core/Src/stepper/tmc/TMC2130Stepper.o
                0x0000000008007738                TMC2130Stepper::VDCMIN(unsigned long)
 .text._ZN14TMC2130Stepper6DCCTRLEm
                0x000000000800775e       0x14 ./Core/Src/stepper/tmc/TMC2130Stepper.o
                0x000000000800775e                TMC2130Stepper::DCCTRL(unsigned long)
 .text._ZN14TMC2160Stepper5beginEv
                0x0000000008007772       0x68 ./Core/Src/stepper/tmc/TMC2160Stepper.o
                0x0000000008007772                TMC2160Stepper::begin()
 *fill*         0x00000000080077da        0x2 
 .text._ZN14TMC2160Stepper8defaultsEv
                0x00000000080077dc       0x64 ./Core/Src/stepper/tmc/TMC2160Stepper.o
                0x00000000080077dc                TMC2160Stepper::defaults()
 .text._ZN14TMC2160StepperC2Etfttta
                0x0000000008007840       0x38 ./Core/Src/stepper/tmc/TMC2160Stepper.o
                0x0000000008007840                TMC2160Stepper::TMC2160Stepper(unsigned short, float, unsigned short, unsigned short, unsigned short, signed char)
                0x0000000008007840                TMC2160Stepper::TMC2160Stepper(unsigned short, float, unsigned short, unsigned short, unsigned short, signed char)
 .text._ZN14TMC2160Stepper13GLOBAL_SCALEREh
                0x0000000008007878        0xe ./Core/Src/stepper/tmc/TMC2160Stepper.o
                0x0000000008007878                TMC2160Stepper::GLOBAL_SCALER(unsigned char)
 *fill*         0x0000000008007886        0x2 
 .text._ZN14TMC2160Stepper11rms_currentEt
                0x0000000008007888       0x90 ./Core/Src/stepper/tmc/TMC2160Stepper.o
                0x0000000008007888                TMC2160Stepper::rms_current(unsigned short)
 .text._ZN14TMC5130StepperC2Etfttta
                0x0000000008007918       0x88 ./Core/Src/stepper/tmc/TMC5130Stepper.o
                0x0000000008007918                TMC5130Stepper::TMC5130Stepper(unsigned short, float, unsigned short, unsigned short, unsigned short, signed char)
                0x0000000008007918                TMC5130Stepper::TMC5130Stepper(unsigned short, float, unsigned short, unsigned short, unsigned short, signed char)
 .text._ZN14TMC5130Stepper9SLAVECONFEt
                0x00000000080079a0       0x18 ./Core/Src/stepper/tmc/TMC5130Stepper.o
                0x00000000080079a0                TMC5130Stepper::SLAVECONF(unsigned short)
 .text._ZN14TMC5130Stepper4IOINEv
                0x00000000080079b8        0x8 ./Core/Src/stepper/tmc/TMC5130Stepper.o
                0x00000000080079b8                TMC5130Stepper::IOIN()
 .text._ZN14TMC5130Stepper7sd_modeEv
                0x00000000080079c0       0x10 ./Core/Src/stepper/tmc/TMC5130Stepper.o
                0x00000000080079c0                TMC5130Stepper::sd_mode()
 .text._ZN14TMC5130Stepper7versionEv
                0x00000000080079d0        0xa ./Core/Src/stepper/tmc/TMC5130Stepper.o
                0x00000000080079d0                TMC5130Stepper::version()
 .text._ZN14TMC5130Stepper10TMC_OUTPUTEb
                0x00000000080079da       0x16 ./Core/Src/stepper/tmc/TMC5130Stepper.o
                0x00000000080079da                TMC5130Stepper::TMC_OUTPUT(bool)
 .text._ZN14TMC5130Stepper9X_COMPAREEm
                0x00000000080079f0        0xe ./Core/Src/stepper/tmc/TMC5130Stepper.o
                0x00000000080079f0                TMC5130Stepper::X_COMPARE(unsigned long)
 .text._ZN14TMC5130Stepper8RAMPMODEEv
                0x00000000080079fe        0xe ./Core/Src/stepper/tmc/TMC5130Stepper.o
                0x00000000080079fe                TMC5130Stepper::RAMPMODE()
 .text._ZN14TMC5130Stepper8RAMPMODEEh
                0x0000000008007a0c       0x18 ./Core/Src/stepper/tmc/TMC5130Stepper.o
                0x0000000008007a0c                TMC5130Stepper::RAMPMODE(unsigned char)
 .text._ZN14TMC5130Stepper7XACTUALEl
                0x0000000008007a24        0xa ./Core/Src/stepper/tmc/TMC5130Stepper.o
                0x0000000008007a24                TMC5130Stepper::XACTUAL(long)
 .text._ZN14TMC5130Stepper7VACTUALEv
                0x0000000008007a2e       0x14 ./Core/Src/stepper/tmc/TMC5130Stepper.o
                0x0000000008007a2e                TMC5130Stepper::VACTUAL()
 .text._ZN14TMC5130Stepper6VSTARTEm
                0x0000000008007a42       0x28 ./Core/Src/stepper/tmc/TMC5130Stepper.o
                0x0000000008007a42                TMC5130Stepper::VSTART(unsigned long)
 .text._ZN14TMC5130Stepper2A1Et
                0x0000000008007a6a        0xe ./Core/Src/stepper/tmc/TMC5130Stepper.o
                0x0000000008007a6a                TMC5130Stepper::A1(unsigned short)
 .text._ZN14TMC5130Stepper2V1Em
                0x0000000008007a78       0x30 ./Core/Src/stepper/tmc/TMC5130Stepper.o
                0x0000000008007a78                TMC5130Stepper::V1(unsigned long)
 .text._ZN14TMC5130Stepper4AMAXEt
                0x0000000008007aa8        0xe ./Core/Src/stepper/tmc/TMC5130Stepper.o
                0x0000000008007aa8                TMC5130Stepper::AMAX(unsigned short)
 .text._ZN14TMC5130Stepper4VMAXEm
                0x0000000008007ab6       0x28 ./Core/Src/stepper/tmc/TMC5130Stepper.o
                0x0000000008007ab6                TMC5130Stepper::VMAX(unsigned long)
 .text._ZN14TMC5130Stepper4DMAXEt
                0x0000000008007ade        0xe ./Core/Src/stepper/tmc/TMC5130Stepper.o
                0x0000000008007ade                TMC5130Stepper::DMAX(unsigned short)
 .text._ZN14TMC5130Stepper2D1Et
                0x0000000008007aec        0xe ./Core/Src/stepper/tmc/TMC5130Stepper.o
                0x0000000008007aec                TMC5130Stepper::D1(unsigned short)
 .text._ZN14TMC5130Stepper5VSTOPEm
                0x0000000008007afa       0x42 ./Core/Src/stepper/tmc/TMC5130Stepper.o
                0x0000000008007afa                TMC5130Stepper::VSTOP(unsigned long)
 .text._ZN14TMC5130Stepper9TZEROWAITEt
                0x0000000008007b3c        0xe ./Core/Src/stepper/tmc/TMC5130Stepper.o
                0x0000000008007b3c                TMC5130Stepper::TZEROWAIT(unsigned short)
 .text._ZN14TMC5130Stepper7XTARGETEl
                0x0000000008007b4a        0xa ./Core/Src/stepper/tmc/TMC5130Stepper.o
                0x0000000008007b4a                TMC5130Stepper::XTARGET(long)
 .text._ZN14TMC5130Stepper5beginEv
                0x0000000008007b54       0x1c ./Core/Src/stepper/tmc/TMC5130Stepper.o
                0x0000000008007b54                TMC5130Stepper::begin()
 .text._ZN14TMC5130Stepper9ENC_CONSTEm
                0x0000000008007b70        0xe ./Core/Src/stepper/tmc/TMC5130Stepper.o
                0x0000000008007b70                TMC5130Stepper::ENC_CONST(unsigned long)
 *fill*         0x0000000008007b7e        0x2 
 .text._ZN14TMC5160Stepper8defaultsEv
                0x0000000008007b80       0x84 ./Core/Src/stepper/tmc/TMC5160Stepper.o
                0x0000000008007b80                TMC5160Stepper::defaults()
 .text._ZN14TMC5160StepperC2Etfttta
                0x0000000008007c04       0x38 ./Core/Src/stepper/tmc/TMC5160Stepper.o
                0x0000000008007c04                TMC5160Stepper::TMC5160Stepper(unsigned short, float, unsigned short, unsigned short, unsigned short, signed char)
                0x0000000008007c04                TMC5160Stepper::TMC5160Stepper(unsigned short, float, unsigned short, unsigned short, unsigned short, signed char)
 .text._ZN14TMC5160Stepper13ENC_DEVIATIONEm
                0x0000000008007c3c       0x28 ./Core/Src/stepper/tmc/TMC5160Stepper.o
                0x0000000008007c3c                TMC5160Stepper::ENC_DEVIATION(unsigned long)
 .text._ZN14TMC5160Stepper4pushEv
                0x0000000008007c64      0x1ae ./Core/Src/stepper/tmc/TMC5160Stepper.o
                0x0000000008007c64                TMC5160Stepper::push()
 .text._ZN10TMCStepper15test_connectionEv
                0x0000000008007e12       0x16 ./Core/Src/stepper/tmc/TMCStepper.o
                0x0000000008007e12                TMCStepper::test_connection()
 .text._ZN10TMCStepper10microstepsEt
                0x0000000008007e28       0x80 ./Core/Src/stepper/tmc/TMCStepper.o
                0x0000000008007e28                TMCStepper::microsteps(unsigned short)
 .text._ZN10TMCStepper10microstepsEv
                0x0000000008007ea8       0x1c ./Core/Src/stepper/tmc/TMCStepper.o
                0x0000000008007ea8                TMCStepper::microsteps()
 .text._ZN10TMCStepper10blank_timeEh
                0x0000000008007ec4       0x36 ./Core/Src/stepper/tmc/TMCStepper.o
                0x0000000008007ec4                TMCStepper::blank_time(unsigned char)
 .text._ZN10TMCStepper5GSTATEv
                0x0000000008007efa        0xe ./Core/Src/stepper/tmc/TMCStepper.o
                0x0000000008007efa                TMCStepper::GSTAT()
 .text._ZN10TMCStepper5GSTATEh
                0x0000000008007f08        0xa ./Core/Src/stepper/tmc/TMCStepper.o
                0x0000000008007f08                TMCStepper::GSTAT(unsigned char)
 .text._ZN10TMCStepper10TPOWERDOWNEh
                0x0000000008007f12        0xc ./Core/Src/stepper/tmc/TMCStepper.o
                0x0000000008007f12                TMCStepper::TPOWERDOWN(unsigned char)
 .text._ZN10TMCStepper8TPWMTHRSEm
                0x0000000008007f1e       0x22 ./Core/Src/stepper/tmc/TMCStepper.o
                0x0000000008007f1e                TMCStepper::TPWMTHRS(unsigned long)
 .text._ZL23internalPeekMsgFromFifoP9CO_fifo_tPh
                0x0000000008007f40       0x5e ./Core/Src/usart/fsusart.o
 *fill*         0x0000000008007f9e        0x2 
 .text.FUART_Init
                0x0000000008007fa0       0x48 ./Core/Src/usart/fsusart.o
                0x0000000008007fa0                FUART_Init
 .text.FUART_beginReceive
                0x0000000008007fe8       0x10 ./Core/Src/usart/fsusart.o
                0x0000000008007fe8                FUART_beginReceive
 .text._Z19FUART_pushMsgToFifoP9Joint_MsgPhjP9CO_fifo_t
                0x0000000008007ff8       0x54 ./Core/Src/usart/fsusart.o
                0x0000000008007ff8                FUART_pushMsgToFifo(Joint_Msg*, unsigned char*, unsigned int, CO_fifo_t*)
 .text.FUART_sendMsg
                0x000000000800804c       0x80 ./Core/Src/usart/fsusart.o
                0x000000000800804c                FUART_sendMsg
 .text.HAL_UART_TxCpltCallback
                0x00000000080080cc       0x68 ./Core/Src/usart/fsusart.o
                0x00000000080080cc                HAL_UART_TxCpltCallback
 .text.HAL_UART_RxCpltCallback
                0x0000000008008134        0x2 ./Core/Src/usart/fsusart.o
                0x0000000008008134                HAL_UART_RxCpltCallback
 *fill*         0x0000000008008136        0x2 
 .text.HAL_UART_ErrorCallback
                0x0000000008008138       0x50 ./Core/Src/usart/fsusart.o
                0x0000000008008138                HAL_UART_ErrorCallback
 .text.CO_fifo_init
                0x0000000008008188       0x14 ./Core/Src/util/CO_fifo.o
                0x0000000008008188                CO_fifo_init
 .text.CO_fifo_write
                0x000000000800819c       0x52 ./Core/Src/util/CO_fifo.o
                0x000000000800819c                CO_fifo_write
 .text.CO_fifo_altBegin
                0x00000000080081ee       0x2a ./Core/Src/util/CO_fifo.o
                0x00000000080081ee                CO_fifo_altBegin
 .text.CO_fifo_altFinish
                0x0000000008008218       0x22 ./Core/Src/util/CO_fifo.o
                0x0000000008008218                CO_fifo_altFinish
 .text.CO_fifo_altRead
                0x000000000800823a       0x38 ./Core/Src/util/CO_fifo.o
                0x000000000800823a                CO_fifo_altRead
 *fill*         0x0000000008008272        0x2 
 .text.Reset_Handler
                0x0000000008008274       0x50 ./Core/Startup/startup_stm32f405rgtx.o
                0x0000000008008274                Reset_Handler
 .text.Default_Handler
                0x00000000080082c4        0x2 ./Core/Startup/startup_stm32f405rgtx.o
                0x00000000080082c4                RTC_Alarm_IRQHandler
                0x00000000080082c4                HASH_RNG_IRQHandler
                0x00000000080082c4                TIM8_CC_IRQHandler
                0x00000000080082c4                DMA2_Stream5_IRQHandler
                0x00000000080082c4                DMA1_Stream5_IRQHandler
                0x00000000080082c4                PVD_IRQHandler
                0x00000000080082c4                SDIO_IRQHandler
                0x00000000080082c4                TAMP_STAMP_IRQHandler
                0x00000000080082c4                CAN2_RX1_IRQHandler
                0x00000000080082c4                EXTI3_IRQHandler
                0x00000000080082c4                TIM8_TRG_COM_TIM14_IRQHandler
                0x00000000080082c4                I2C3_ER_IRQHandler
                0x00000000080082c4                EXTI0_IRQHandler
                0x00000000080082c4                I2C2_EV_IRQHandler
                0x00000000080082c4                DMA1_Stream2_IRQHandler
                0x00000000080082c4                FPU_IRQHandler
                0x00000000080082c4                OTG_HS_WKUP_IRQHandler
                0x00000000080082c4                CAN2_SCE_IRQHandler
                0x00000000080082c4                SPI1_IRQHandler
                0x00000000080082c4                TIM6_DAC_IRQHandler
                0x00000000080082c4                TIM1_BRK_TIM9_IRQHandler
                0x00000000080082c4                CAN2_RX0_IRQHandler
                0x00000000080082c4                DMA2_Stream3_IRQHandler
                0x00000000080082c4                USART6_IRQHandler
                0x00000000080082c4                USART3_IRQHandler
                0x00000000080082c4                UART5_IRQHandler
                0x00000000080082c4                DMA2_Stream0_IRQHandler
                0x00000000080082c4                TIM4_IRQHandler
                0x00000000080082c4                I2C1_EV_IRQHandler
                0x00000000080082c4                DMA1_Stream6_IRQHandler
                0x00000000080082c4                DMA1_Stream1_IRQHandler
                0x00000000080082c4                UART4_IRQHandler
                0x00000000080082c4                TIM3_IRQHandler
                0x00000000080082c4                RCC_IRQHandler
                0x00000000080082c4                TIM8_BRK_TIM12_IRQHandler
                0x00000000080082c4                Default_Handler
                0x00000000080082c4                EXTI15_10_IRQHandler
                0x00000000080082c4                ADC_IRQHandler
                0x00000000080082c4                DMA1_Stream7_IRQHandler
                0x00000000080082c4                TIM7_IRQHandler
                0x00000000080082c4                CAN2_TX_IRQHandler
                0x00000000080082c4                I2C3_EV_IRQHandler
                0x00000000080082c4                EXTI9_5_IRQHandler
                0x00000000080082c4                RTC_WKUP_IRQHandler
                0x00000000080082c4                SPI2_IRQHandler
                0x00000000080082c4                OTG_HS_EP1_IN_IRQHandler
                0x00000000080082c4                DMA1_Stream0_IRQHandler
                0x00000000080082c4                EXTI4_IRQHandler
                0x00000000080082c4                FSMC_IRQHandler
                0x00000000080082c4                OTG_HS_EP1_OUT_IRQHandler
                0x00000000080082c4                WWDG_IRQHandler
                0x00000000080082c4                OTG_FS_WKUP_IRQHandler
                0x00000000080082c4                TIM1_TRG_COM_TIM11_IRQHandler
                0x00000000080082c4                OTG_HS_IRQHandler
                0x00000000080082c4                EXTI1_IRQHandler
                0x00000000080082c4                USART2_IRQHandler
                0x00000000080082c4                I2C2_ER_IRQHandler
                0x00000000080082c4                DMA2_Stream1_IRQHandler
                0x00000000080082c4                FLASH_IRQHandler
                0x00000000080082c4                DMA2_Stream4_IRQHandler
                0x00000000080082c4                OTG_FS_IRQHandler
                0x00000000080082c4                SPI3_IRQHandler
                0x00000000080082c4                DMA1_Stream4_IRQHandler
                0x00000000080082c4                I2C1_ER_IRQHandler
                0x00000000080082c4                DMA2_Stream6_IRQHandler
                0x00000000080082c4                DMA1_Stream3_IRQHandler
 *fill*         0x00000000080082c6        0x2 
 .text.HAL_Init
                0x00000000080082c8       0x34 ./Drivers/STM32F4xx_HAL_Driver/Src/stm32f4xx_hal.o
                0x00000000080082c8                HAL_Init
 .text.HAL_IncTick
                0x00000000080082fc       0x18 ./Drivers/STM32F4xx_HAL_Driver/Src/stm32f4xx_hal.o
                0x00000000080082fc                HAL_IncTick
 .text.HAL_GetTick
                0x0000000008008314        0xc ./Drivers/STM32F4xx_HAL_Driver/Src/stm32f4xx_hal.o
                0x0000000008008314                HAL_GetTick
 .text.HAL_Delay
                0x0000000008008320       0x28 ./Drivers/STM32F4xx_HAL_Driver/Src/stm32f4xx_hal.o
                0x0000000008008320                HAL_Delay
 .text.HAL_CAN_Init
                0x0000000008008348       0xf6 ./Drivers/STM32F4xx_HAL_Driver/Src/stm32f4xx_hal_can.o
                0x0000000008008348                HAL_CAN_Init
 *fill*         0x000000000800843e        0x2 
 .text.HAL_CAN_ConfigFilter
                0x0000000008008440      0x110 ./Drivers/STM32F4xx_HAL_Driver/Src/stm32f4xx_hal_can.o
                0x0000000008008440                HAL_CAN_ConfigFilter
 .text.HAL_CAN_Start
                0x0000000008008550       0x5c ./Drivers/STM32F4xx_HAL_Driver/Src/stm32f4xx_hal_can.o
                0x0000000008008550                HAL_CAN_Start
 .text.HAL_CAN_Stop
                0x00000000080085ac       0x5c ./Drivers/STM32F4xx_HAL_Driver/Src/stm32f4xx_hal_can.o
                0x00000000080085ac                HAL_CAN_Stop
 .text.HAL_CAN_AddTxMessage
                0x0000000008008608       0xa0 ./Drivers/STM32F4xx_HAL_Driver/Src/stm32f4xx_hal_can.o
                0x0000000008008608                HAL_CAN_AddTxMessage
 .text.HAL_CAN_GetTxMailboxesFreeLevel
                0x00000000080086a8       0x28 ./Drivers/STM32F4xx_HAL_Driver/Src/stm32f4xx_hal_can.o
                0x00000000080086a8                HAL_CAN_GetTxMailboxesFreeLevel
 .text.HAL_CAN_GetRxMessage
                0x00000000080086d0       0xee ./Drivers/STM32F4xx_HAL_Driver/Src/stm32f4xx_hal_can.o
                0x00000000080086d0                HAL_CAN_GetRxMessage
 .text.HAL_CAN_GetRxFifoFillLevel
                0x00000000080087be       0x1e ./Drivers/STM32F4xx_HAL_Driver/Src/stm32f4xx_hal_can.o
                0x00000000080087be                HAL_CAN_GetRxFifoFillLevel
 .text.HAL_CAN_ActivateNotification
                0x00000000080087dc       0x22 ./Drivers/STM32F4xx_HAL_Driver/Src/stm32f4xx_hal_can.o
                0x00000000080087dc                HAL_CAN_ActivateNotification
 .text.HAL_CAN_DeactivateNotification
                0x00000000080087fe       0x24 ./Drivers/STM32F4xx_HAL_Driver/Src/stm32f4xx_hal_can.o
                0x00000000080087fe                HAL_CAN_DeactivateNotification
 .text.HAL_CAN_TxMailbox0CompleteCallback
                0x0000000008008822        0x2 ./Drivers/STM32F4xx_HAL_Driver/Src/stm32f4xx_hal_can.o
                0x0000000008008822                HAL_CAN_TxMailbox0CompleteCallback
 .text.HAL_CAN_TxMailbox1CompleteCallback
                0x0000000008008824        0x2 ./Drivers/STM32F4xx_HAL_Driver/Src/stm32f4xx_hal_can.o
                0x0000000008008824                HAL_CAN_TxMailbox1CompleteCallback
 .text.HAL_CAN_TxMailbox2CompleteCallback
                0x0000000008008826        0x2 ./Drivers/STM32F4xx_HAL_Driver/Src/stm32f4xx_hal_can.o
                0x0000000008008826                HAL_CAN_TxMailbox2CompleteCallback
 .text.HAL_CAN_TxMailbox0AbortCallback
                0x0000000008008828        0x2 ./Drivers/STM32F4xx_HAL_Driver/Src/stm32f4xx_hal_can.o
                0x0000000008008828                HAL_CAN_TxMailbox0AbortCallback
 .text.HAL_CAN_TxMailbox1AbortCallback
                0x000000000800882a        0x2 ./Drivers/STM32F4xx_HAL_Driver/Src/stm32f4xx_hal_can.o
                0x000000000800882a                HAL_CAN_TxMailbox1AbortCallback
 .text.HAL_CAN_TxMailbox2AbortCallback
                0x000000000800882c        0x2 ./Drivers/STM32F4xx_HAL_Driver/Src/stm32f4xx_hal_can.o
                0x000000000800882c                HAL_CAN_TxMailbox2AbortCallback
 .text.HAL_CAN_RxFifo0FullCallback
                0x000000000800882e        0x2 ./Drivers/STM32F4xx_HAL_Driver/Src/stm32f4xx_hal_can.o
                0x000000000800882e                HAL_CAN_RxFifo0FullCallback
 .text.HAL_CAN_RxFifo1FullCallback
                0x0000000008008830        0x2 ./Drivers/STM32F4xx_HAL_Driver/Src/stm32f4xx_hal_can.o
                0x0000000008008830                HAL_CAN_RxFifo1FullCallback
 .text.HAL_CAN_SleepCallback
                0x0000000008008832        0x2 ./Drivers/STM32F4xx_HAL_Driver/Src/stm32f4xx_hal_can.o
                0x0000000008008832                HAL_CAN_SleepCallback
 .text.HAL_CAN_WakeUpFromRxMsgCallback
                0x0000000008008834        0x2 ./Drivers/STM32F4xx_HAL_Driver/Src/stm32f4xx_hal_can.o
                0x0000000008008834                HAL_CAN_WakeUpFromRxMsgCallback
 .text.HAL_CAN_ErrorCallback
                0x0000000008008836        0x2 ./Drivers/STM32F4xx_HAL_Driver/Src/stm32f4xx_hal_can.o
                0x0000000008008836                HAL_CAN_ErrorCallback
 .text.HAL_CAN_IRQHandler
                0x0000000008008838      0x1fc ./Drivers/STM32F4xx_HAL_Driver/Src/stm32f4xx_hal_can.o
                0x0000000008008838                HAL_CAN_IRQHandler
 .text.HAL_CAN_GetError
                0x0000000008008a34        0x4 ./Drivers/STM32F4xx_HAL_Driver/Src/stm32f4xx_hal_can.o
                0x0000000008008a34                HAL_CAN_GetError
 .text.HAL_NVIC_SetPriorityGrouping
                0x0000000008008a38       0x24 ./Drivers/STM32F4xx_HAL_Driver/Src/stm32f4xx_hal_cortex.o
                0x0000000008008a38                HAL_NVIC_SetPriorityGrouping
 .text.HAL_NVIC_SetPriority
                0x0000000008008a5c       0x64 ./Drivers/STM32F4xx_HAL_Driver/Src/stm32f4xx_hal_cortex.o
                0x0000000008008a5c                HAL_NVIC_SetPriority
 .text.HAL_NVIC_EnableIRQ
                0x0000000008008ac0       0x1c ./Drivers/STM32F4xx_HAL_Driver/Src/stm32f4xx_hal_cortex.o
                0x0000000008008ac0                HAL_NVIC_EnableIRQ
 .text.HAL_NVIC_DisableIRQ
                0x0000000008008adc       0x28 ./Drivers/STM32F4xx_HAL_Driver/Src/stm32f4xx_hal_cortex.o
                0x0000000008008adc                HAL_NVIC_DisableIRQ
 .text.DMA_CalcBaseAndBitshift
                0x0000000008008b04       0x2c ./Drivers/STM32F4xx_HAL_Driver/Src/stm32f4xx_hal_dma.o
 .text.HAL_DMA_Init
                0x0000000008008b30      0x100 ./Drivers/STM32F4xx_HAL_Driver/Src/stm32f4xx_hal_dma.o
                0x0000000008008b30                HAL_DMA_Init
 .text.HAL_DMA_Start_IT
                0x0000000008008c30       0x74 ./Drivers/STM32F4xx_HAL_Driver/Src/stm32f4xx_hal_dma.o
                0x0000000008008c30                HAL_DMA_Start_IT
 .text.HAL_DMA_Abort_IT
                0x0000000008008ca4       0x24 ./Drivers/STM32F4xx_HAL_Driver/Src/stm32f4xx_hal_dma.o
                0x0000000008008ca4                HAL_DMA_Abort_IT
 .text.HAL_DMA_IRQHandler
                0x0000000008008cc8      0x17c ./Drivers/STM32F4xx_HAL_Driver/Src/stm32f4xx_hal_dma.o
                0x0000000008008cc8                HAL_DMA_IRQHandler
 .text.HAL_GPIO_Init
                0x0000000008008e44      0x1b8 ./Drivers/STM32F4xx_HAL_Driver/Src/stm32f4xx_hal_gpio.o
                0x0000000008008e44                HAL_GPIO_Init
 .text.HAL_GPIO_DeInit
                0x0000000008008ffc      0x12c ./Drivers/STM32F4xx_HAL_Driver/Src/stm32f4xx_hal_gpio.o
                0x0000000008008ffc                HAL_GPIO_DeInit
 .text.HAL_GPIO_ReadPin
                0x0000000008009128        0xc ./Drivers/STM32F4xx_HAL_Driver/Src/stm32f4xx_hal_gpio.o
                0x0000000008009128                HAL_GPIO_ReadPin
 .text.HAL_GPIO_WritePin
                0x0000000008009134        0xa ./Drivers/STM32F4xx_HAL_Driver/Src/stm32f4xx_hal_gpio.o
                0x0000000008009134                HAL_GPIO_WritePin
 .text.HAL_GPIO_TogglePin
                0x000000000800913e        0xe ./Drivers/STM32F4xx_HAL_Driver/Src/stm32f4xx_hal_gpio.o
                0x000000000800913e                HAL_GPIO_TogglePin
 .text.HAL_GPIO_EXTI_Callback
                0x000000000800914c        0x2 ./Drivers/STM32F4xx_HAL_Driver/Src/stm32f4xx_hal_gpio.o
                0x000000000800914c                HAL_GPIO_EXTI_Callback
 *fill*         0x000000000800914e        0x2 
 .text.HAL_GPIO_EXTI_IRQHandler
                0x0000000008009150       0x18 ./Drivers/STM32F4xx_HAL_Driver/Src/stm32f4xx_hal_gpio.o
                0x0000000008009150                HAL_GPIO_EXTI_IRQHandler
 .text.HAL_RCC_OscConfig
                0x0000000008009168      0x354 ./Drivers/STM32F4xx_HAL_Driver/Src/stm32f4xx_hal_rcc.o
                0x0000000008009168                HAL_RCC_OscConfig
 .text.HAL_RCC_GetSysClockFreq
                0x00000000080094bc       0x5c ./Drivers/STM32F4xx_HAL_Driver/Src/stm32f4xx_hal_rcc.o
                0x00000000080094bc                HAL_RCC_GetSysClockFreq
 .text.HAL_RCC_ClockConfig
                0x0000000008009518      0x138 ./Drivers/STM32F4xx_HAL_Driver/Src/stm32f4xx_hal_rcc.o
                0x0000000008009518                HAL_RCC_ClockConfig
 .text.HAL_RCC_GetPCLK1Freq
                0x0000000008009650       0x20 ./Drivers/STM32F4xx_HAL_Driver/Src/stm32f4xx_hal_rcc.o
                0x0000000008009650                HAL_RCC_GetPCLK1Freq
 .text.HAL_RCC_GetPCLK2Freq
                0x0000000008009670       0x20 ./Drivers/STM32F4xx_HAL_Driver/Src/stm32f4xx_hal_rcc.o
                0x0000000008009670                HAL_RCC_GetPCLK2Freq
 .text.HAL_RCC_GetClockConfig
                0x0000000008009690       0x3c ./Drivers/STM32F4xx_HAL_Driver/Src/stm32f4xx_hal_rcc.o
                0x0000000008009690                HAL_RCC_GetClockConfig
 .text.SPI_WaitFlagStateUntilTimeout.constprop.0
                0x00000000080096cc       0x76 ./Drivers/STM32F4xx_HAL_Driver/Src/stm32f4xx_hal_spi.o
 *fill*         0x0000000008009742        0x2 
 .text.SPI_EndRxTxTransaction
                0x0000000008009744       0x58 ./Drivers/STM32F4xx_HAL_Driver/Src/stm32f4xx_hal_spi.o
 .text.HAL_SPI_Init
                0x000000000800979c       0x7a ./Drivers/STM32F4xx_HAL_Driver/Src/stm32f4xx_hal_spi.o
                0x000000000800979c                HAL_SPI_Init
 .text.HAL_SPI_TransmitReceive
                0x0000000008009816      0x1e8 ./Drivers/STM32F4xx_HAL_Driver/Src/stm32f4xx_hal_spi.o
                0x0000000008009816                HAL_SPI_TransmitReceive
 *fill*         0x00000000080099fe        0x2 
 .text.TIM_OC1_SetConfig