../Core/Src/stepper/tmc/DRVSTATUS.cpp:8:10:uint32_t TMC2660Stepper::DRVSTATUS()	16	static
../Core/Src/stepper/tmc/DRVSTATUS.cpp:22:10:uint16_t TMC2660Stepper::mstep()	8	static
../Core/Src/stepper/tmc/DRVSTATUS.cpp:23:9:uint8_t TMC2660Stepper::se()	8	static
../Core/Src/stepper/tmc/DRVSTATUS.cpp:24:6:bool TMC2660Stepper::stst()	8	static
../Core/Src/stepper/tmc/DRVSTATUS.cpp:25:6:bool TMC2660Stepper::olb()	8	static
../Core/Src/stepper/tmc/DRVSTATUS.cpp:26:6:bool TMC2660Stepper::ola()	8	static
../Core/Src/stepper/tmc/DRVSTATUS.cpp:27:6:bool TMC2660Stepper::s2gb()	8	static
../Core/Src/stepper/tmc/DRVSTATUS.cpp:28:6:bool TMC2660Stepper::s2ga()	8	static
../Core/Src/stepper/tmc/DRVSTATUS.cpp:29:6:bool TMC2660Stepper::otpw()	8	static
../Core/Src/stepper/tmc/DRVSTATUS.cpp:30:6:bool TMC2660Stepper::ot()	8	static
../Core/Src/stepper/tmc/DRVSTATUS.cpp:31:6:bool TMC2660Stepper::sg()	8	static
../Core/Src/stepper/tmc/DRVSTATUS.cpp:33:10:uint16_t TMC2660Stepper::sg_result()	8	static
