../Core/Src/stepper/tmc/PWMCONF.cpp:8:10:uint32_t TMC2130Stepper::PWMCONF()	0	static
../Core/Src/stepper/tmc/PWMCONF.cpp:9:6:void TMC2130Stepper::PWMCONF(uint32_t)	0	static
../Core/Src/stepper/tmc/PWMCONF.cpp:14:6:void TMC2130Stepper::pwm_ampl(uint8_t)	0	static
../Core/Src/stepper/tmc/PWMCONF.cpp:15:6:void TMC2130Stepper::pwm_grad(uint8_t)	0	static
../Core/Src/stepper/tmc/PWMCONF.cpp:16:6:void TMC2130Stepper::pwm_freq(uint8_t)	0	static
../Core/Src/stepper/tmc/PWMCONF.cpp:17:6:void TMC2130Stepper::pwm_autoscale(bool)	0	static
../Core/Src/stepper/tmc/PWMCONF.cpp:18:6:void TMC2130Stepper::pwm_symmetric(bool)	0	static
../Core/Src/stepper/tmc/PWMCONF.cpp:19:6:void TMC2130Stepper::freewheel(uint8_t)	0	static
../Core/Src/stepper/tmc/PWMCONF.cpp:21:9:uint8_t TMC2130Stepper::pwm_ampl()	0	static
../Core/Src/stepper/tmc/PWMCONF.cpp:22:9:uint8_t TMC2130Stepper::pwm_grad()	0	static
../Core/Src/stepper/tmc/PWMCONF.cpp:23:9:uint8_t TMC2130Stepper::pwm_freq()	0	static
../Core/Src/stepper/tmc/PWMCONF.cpp:24:7:bool TMC2130Stepper::pwm_autoscale()	0	static
../Core/Src/stepper/tmc/PWMCONF.cpp:25:7:bool TMC2130Stepper::pwm_symmetric()	0	static
../Core/Src/stepper/tmc/PWMCONF.cpp:26:9:uint8_t TMC2130Stepper::freewheel()	0	static
../Core/Src/stepper/tmc/PWMCONF.cpp:28:10:uint32_t TMC2160Stepper::PWMCONF()	0	static
../Core/Src/stepper/tmc/PWMCONF.cpp:31:6:void TMC2160Stepper::PWMCONF(uint32_t)	0	static
../Core/Src/stepper/tmc/PWMCONF.cpp:36:6:void TMC2160Stepper::pwm_ofs(uint8_t)	4	static
../Core/Src/stepper/tmc/PWMCONF.cpp:37:6:void TMC2160Stepper::pwm_grad(uint8_t)	4	static
../Core/Src/stepper/tmc/PWMCONF.cpp:38:6:void TMC2160Stepper::pwm_freq(uint8_t)	4	static
../Core/Src/stepper/tmc/PWMCONF.cpp:39:6:void TMC2160Stepper::pwm_autoscale(bool)	4	static
../Core/Src/stepper/tmc/PWMCONF.cpp:40:6:void TMC2160Stepper::pwm_autograd(bool)	4	static
../Core/Src/stepper/tmc/PWMCONF.cpp:41:6:void TMC2160Stepper::freewheel(uint8_t)	4	static
../Core/Src/stepper/tmc/PWMCONF.cpp:42:6:void TMC2160Stepper::pwm_reg(uint8_t)	4	static
../Core/Src/stepper/tmc/PWMCONF.cpp:43:6:void TMC2160Stepper::pwm_lim(uint8_t)	4	static
../Core/Src/stepper/tmc/PWMCONF.cpp:45:9:uint8_t TMC2160Stepper::pwm_ofs()	0	static
../Core/Src/stepper/tmc/PWMCONF.cpp:46:9:uint8_t TMC2160Stepper::pwm_grad()	0	static
../Core/Src/stepper/tmc/PWMCONF.cpp:47:9:uint8_t TMC2160Stepper::pwm_freq()	0	static
../Core/Src/stepper/tmc/PWMCONF.cpp:48:7:bool TMC2160Stepper::pwm_autoscale()	0	static
../Core/Src/stepper/tmc/PWMCONF.cpp:49:7:bool TMC2160Stepper::pwm_autograd()	0	static
../Core/Src/stepper/tmc/PWMCONF.cpp:50:9:uint8_t TMC2160Stepper::freewheel()	0	static
../Core/Src/stepper/tmc/PWMCONF.cpp:51:9:uint8_t TMC2160Stepper::pwm_reg()	0	static
../Core/Src/stepper/tmc/PWMCONF.cpp:52:9:uint8_t TMC2160Stepper::pwm_lim()	0	static
../Core/Src/stepper/tmc/PWMCONF.cpp:54:10:uint32_t TMC2208Stepper::PWMCONF()	0	static
../Core/Src/stepper/tmc/PWMCONF.cpp:57:6:void TMC2208Stepper::PWMCONF(uint32_t)	0	static
../Core/Src/stepper/tmc/PWMCONF.cpp:62:6:void TMC2208Stepper::pwm_ofs(uint8_t)	4	static
../Core/Src/stepper/tmc/PWMCONF.cpp:63:6:void TMC2208Stepper::pwm_grad(uint8_t)	4	static
../Core/Src/stepper/tmc/PWMCONF.cpp:64:6:void TMC2208Stepper::pwm_freq(uint8_t)	4	static
../Core/Src/stepper/tmc/PWMCONF.cpp:65:6:void TMC2208Stepper::pwm_autoscale(bool)	4	static
../Core/Src/stepper/tmc/PWMCONF.cpp:66:6:void TMC2208Stepper::pwm_autograd(bool)	4	static
../Core/Src/stepper/tmc/PWMCONF.cpp:67:6:void TMC2208Stepper::freewheel(uint8_t)	4	static
../Core/Src/stepper/tmc/PWMCONF.cpp:68:6:void TMC2208Stepper::pwm_reg(uint8_t)	4	static
../Core/Src/stepper/tmc/PWMCONF.cpp:69:6:void TMC2208Stepper::pwm_lim(uint8_t)	4	static
../Core/Src/stepper/tmc/PWMCONF.cpp:71:9:uint8_t TMC2208Stepper::pwm_ofs()	8	static
../Core/Src/stepper/tmc/PWMCONF.cpp:72:9:uint8_t TMC2208Stepper::pwm_grad()	8	static
../Core/Src/stepper/tmc/PWMCONF.cpp:73:9:uint8_t TMC2208Stepper::pwm_freq()	16	static
../Core/Src/stepper/tmc/PWMCONF.cpp:74:7:bool TMC2208Stepper::pwm_autoscale()	16	static
../Core/Src/stepper/tmc/PWMCONF.cpp:75:7:bool TMC2208Stepper::pwm_autograd()	16	static
../Core/Src/stepper/tmc/PWMCONF.cpp:76:9:uint8_t TMC2208Stepper::freewheel()	16	static
../Core/Src/stepper/tmc/PWMCONF.cpp:77:9:uint8_t TMC2208Stepper::pwm_reg()	16	static
../Core/Src/stepper/tmc/PWMCONF.cpp:78:9:uint8_t TMC2208Stepper::pwm_lim()	16	static
