../Core/Src/stepper/tmc/TMCStepper.cpp:20:10:uint16_t TMCStepper::cs2rms(uint8_t)	16	static
../Core/Src/stepper/tmc/TMCStepper.cpp:24:6:void TMCStepper::rms_current(uint16_t)	32	static
../Core/Src/stepper/tmc/TMCStepper.cpp:41:6:void TMCStepper::rms_current(uint16_t, float)	0	static
../Core/Src/stepper/tmc/TMCStepper.cpp:46:10:uint16_t TMCStepper::rms_current()	8	static
../Core/Src/stepper/tmc/TMCStepper.cpp:50:9:uint8_t TMCStepper::test_connection()	8	static
../Core/Src/stepper/tmc/TMCStepper.cpp:59:6:void TMCStepper::hysteresis_end(int8_t)	0	static
../Core/Src/stepper/tmc/TMCStepper.cpp:60:8:int8_t TMCStepper::hysteresis_end()	8	static
../Core/Src/stepper/tmc/TMCStepper.cpp:62:6:void TMCStepper::hysteresis_start(uint8_t)	0	static
../Core/Src/stepper/tmc/TMCStepper.cpp:63:9:uint8_t TMCStepper::hysteresis_start()	8	static
../Core/Src/stepper/tmc/TMCStepper.cpp:65:6:void TMCStepper::microsteps(uint16_t)	0	static
../Core/Src/stepper/tmc/TMCStepper.cpp:80:10:uint16_t TMCStepper::microsteps()	8	static
../Core/Src/stepper/tmc/TMCStepper.cpp:95:6:void TMCStepper::blank_time(uint8_t)	0	static
../Core/Src/stepper/tmc/TMCStepper.cpp:104:9:uint8_t TMCStepper::blank_time()	8	static
../Core/Src/stepper/tmc/TMCStepper.cpp:116:9:uint8_t TMCStepper::GSTAT()	8	static
../Core/Src/stepper/tmc/TMCStepper.cpp:117:7:void TMCStepper::GSTAT(uint8_t)	0	static
../Core/Src/stepper/tmc/TMCStepper.cpp:118:7:bool TMCStepper::reset()	8	static
../Core/Src/stepper/tmc/TMCStepper.cpp:119:7:bool TMCStepper::drv_err()	8	static
../Core/Src/stepper/tmc/TMCStepper.cpp:120:7:bool TMCStepper::uv_cp()	8	static
../Core/Src/stepper/tmc/TMCStepper.cpp:123:9:uint8_t TMCStepper::TPOWERDOWN()	0	static
../Core/Src/stepper/tmc/TMCStepper.cpp:124:6:void TMCStepper::TPOWERDOWN(uint8_t)	0	static
../Core/Src/stepper/tmc/TMCStepper.cpp:130:10:uint32_t TMCStepper::TSTEP()	0	static
../Core/Src/stepper/tmc/TMCStepper.cpp:133:10:uint32_t TMCStepper::TPWMTHRS()	0	static
../Core/Src/stepper/tmc/TMCStepper.cpp:134:6:void TMCStepper::TPWMTHRS(uint32_t)	4	static
../Core/Src/stepper/tmc/TMCStepper.cpp:139:10:uint16_t TMCStepper::MSCNT()	8	static
../Core/Src/stepper/tmc/TMCStepper.cpp:143:10:uint32_t TMCStepper::MSCURACT()	0	static
../Core/Src/stepper/tmc/TMCStepper.cpp:144:9:int16_t TMCStepper::cur_a()	16	static
../Core/Src/stepper/tmc/TMCStepper.cpp:151:9:int16_t TMCStepper::cur_b()	16	static
