D:/projects/hcsnode/Core/Src/stepper/tmc/TMCStepper.h:722:8:void TMC5160Stepper::rms_current(uint16_t)	16	static
D:/projects/hcsnode/Core/Src/stepper/tmc/TMCStepper.h:724:12:uint16_t TMC5160Stepper::rms_current()	16	static
../Core/Src/message/message.cpp:123:6:void convertExpressToParam(char*, size_t, Msg_Param_t*)	48	static
../Core/Src/message/message.cpp:170:8:size_t parseMsg(Joint_Msg_t*, char*, size_t, Msg_Param_t*)	104	static
../Core/Src/message/message.cpp:208:6:void JNT_dbgOutput(char*, size_t)	24	static
../Core/Src/message/message.cpp:229:6:void JNT_handleSimpleMsg(Joint_Msg_t*)	16	static
../Core/Src/message/message.cpp:246:6:void JNT_handleComplexMsg(Joint_Msg_t*, char*, size_t)	144	static
../Core/Src/message/message.cpp:403:6:void JNT_handleFlashMsg(Joint_Msg_t*, char*, size_t)	24	static
../Core/Src/message/message.cpp:408:6:void JNT_processMsg()	16	static
../Core/Src/message/message.cpp:444:6:void JNT_flushTMCStatus()	24	static
../Core/Src/message/message.cpp:477:6:void JNT_flushStepperProcessStatus()	24	static
../Core/Src/message/message.cpp:515:6:void JNT_registerDriver(TMC5160Stepper*)	16	static
