../Core/Src/cia/mcdrv.c:40:6:MCD_reachHome	24	static
../Core/Src/cia/mcdrv.c:48:6:MCD_reachTarget	24	static
../Core/Src/cia/mcdrv.c:55:6:MCD_reportActualPosition	32	static
../Core/Src/cia/mcdrv.c:97:6:MCD_reset	8	static
../Core/Src/cia/mcdrv.c:110:6:MCD_setOn	16	static,ignoring_inline_asm
../Core/Src/cia/mcdrv.c:122:6:MCD_Init	8	static
../Core/Src/cia/mcdrv.c:139:6:MCD_uploadStatus	24	static
../Core/Src/cia/mcdrv.c:162:6:MCD_broadState	24	static
../Core/Src/cia/mcdrv.c:182:6:MCD_changeMode	16	static
../Core/Src/cia/mcdrv.c:196:6:MCD_OnProfileUpdate	16	static
../Core/Src/cia/mcdrv.c:204:6:MCD_handleModeAction	24	static
../Core/Src/cia/mcdrv.c:235:6:MCD_changeStatus	16	static
../Core/Src/cia/mcdrv.c:240:6:MCD_OnControlWordUpdate	16	static
../Core/Src/cia/mcdrv.c:265:6:MCD_OnCommandSerialNumberUpdate	16	static
../Core/Src/cia/mcdrv.c:274:6:MCD_OnTargetUpdate	16	static
../Core/Src/cia/mcdrv.c:280:6:MCD_OnVelocityUpdate	16	static
../Core/Src/cia/mcdrv.c:286:6:MCD_OnAccelerationUpdate	16	static
