../Core/Src/motion/motor.cpp:22:6:void MOTOR_Init()	0	static
../Core/Src/motion/motor.cpp:31:6:void MOTOR_bindDriver(TMC5160Stepper*)	8	static
../Core/Src/motion/motor.cpp:134:6:void MOTOR_run()	0	static
../Core/Src/motion/motor.cpp:139:6:void MOTOR_stop()	0	static
../Core/Src/motion/motor.cpp:145:6:void MOTOR_loop(uint32_t)	0	static
../Core/Src/motion/motor.cpp:150:6:void MOTOR_setPolarity(int8_t)	0	static
../Core/Src/motion/motor.cpp:155:8:int8_t MOTOR_getPolarity()	0	static
../Core/Src/motion/motor.cpp:160:6:void MOTOR_setDir(int8_t)	0	static
../Core/Src/motion/motor.cpp:169:8:int8_t MOTOR_getDir()	8	static
../Core/Src/motion/motor.cpp:179:6:void MOTOR_setSpeed(int32_t)	8	static
../Core/Src/motion/motor.cpp:197:9:int32_t MOTOR_getSpeed()	0	static
../Core/Src/motion/motor.cpp:202:6:void MOTOR_setRelTarget(int32_t)	0	static
../Core/Src/motion/motor.cpp:207:6:void MOTOR_setAbsTarget(int32_t)	0	static
../Core/Src/motion/motor.cpp:212:9:int32_t MOTOR_getTarget()	0	static
../Core/Src/motion/motor.cpp:217:9:int32_t MOTOR_getPosDiff()	0	static
